---
source: tests/harness/case.rs
expression: "calculate_fit(eft_fit, skills)"
---
capacitor/capacity             = 3220.000000
capacitor/depletes_in          = 90.000000
capacitor/peak                 = -30.573505
capacitor/percentage           = -186.099594
capacitor/recharge             = 490.000000
capacitor/stable               = false
cpu/capacity                   = 380.000000
cpu/free                       = -112.000000
defense/armor/hp               = 2200.000000
defense/armor/resist/em        = 50.000000
defense/armor/resist/expl      = 10.000002
defense/armor/resist/kin       = 25.000000
defense/armor/resist/therm     = 44.999999
defense/ehp                    = 16088.742650
defense/recharge/armor         = 0.000000
defense/recharge/hull          = 0.000000
defense/recharge/passive       = 6.400000
defense/recharge/shield        = 124.553057
defense/shield/hp              = 3200.000000
defense/shield/recharge        = 1250.000000
defense/shield/resist/em       = 51.566320
defense/shield/resist/expl     = 75.783160
defense/shield/resist/kin      = 70.939791
defense/shield/resist/therm    = 61.253055
defense/structure/hp           = 2490.000000
defense/structure/resist/em    = 32.999998
defense/structure/resist/expl  = 32.999998
defense/structure/resist/kin   = 32.999998
defense/structure/resist/therm = 32.999998
drones/active                  = 2.000000
drones/bandwidth               = 20.000000
drones/bandwidth_load          = 20.000000
drones/capacity                = 100.000000
drones/capacity_load           = 20.000000
drones/dps                     = 255.750617
drones/range                   = 40.000000
navigation/agility             = 0.660000
navigation/align_time          = 13.358333
navigation/mass                = 14600.000000
navigation/speed               = 445.428082
navigation/warp_speed          = 4.000000
offense/alpha                  = 380.000000
offense/dps                    = 307.032669
offense/dps_with_reload        = 296.822351
offense/drone_dps              = 255.750617
power/capacity                 = 670.000000
power/free                     = -11.000000
slots/hi_1                     = active
slots/hi_2                     = active
slots/hi_3                     = online
slots/hi_4                     = active
slots/hi_5                     = active
slots/hi_6                     = empty
slots/hi_7                     = empty
slots/hi_8                     = empty
slots/lo_1                     = online
slots/lo_2                     = online
slots/lo_3                     = online
slots/lo_4                     = empty
slots/lo_5                     = empty
slots/lo_6                     = empty
slots/lo_7                     = empty
slots/lo_8                     = empty
slots/med_1                    = active
slots/med_2                    = online
slots/med_3                    = active
slots/med_4                    = active
slots/med_5                    = online
slots/med_6                    = active
slots/med_7                    = empty
slots/med_8                    = empty
targeting/lock_range           = 58.000000
targeting/max_locked_targets   = 7.000000
targeting/scan_resolution      = 285.000000
targeting/sensor_strength      = 22.000000
targeting/signature_radius     = 183.254234
