---
source: tests/harness/case.rs
expression: "calculate_fit(eft_fit, skills)"
---
ship/type                                    = Gila
ship/scanStrength                            = 26.400000
ship/passiveShieldEffectiveRechargeRate      = 37.971106
ship/passiveShieldRechargeRate               = 10.666667
ship/shieldEffectiveBoostRate                = 443.382879
ship/shieldBoostRate                         = 124.553057
ship/velocityBoost                           = 160.530822
ship/ehp                                     = 22958.761299
ship/shieldThermalDamageEffectiveResonance   = 0.077494
ship/shieldKineticDamageEffectiveResonance   = 0.058120
ship/shieldExplosiveDamageEffectiveResonance = 0.048434
ship/shieldEmDamageEffectiveResonance        = 0.096867
ship/hullThermalDamageEffectiveResonance     = 0.167500
ship/hullKineticDamageEffectiveResonance     = 0.167500
ship/hullExplosiveDamageEffectiveResonance   = 0.167500
ship/hullEmDamageEffectiveResonance          = 0.167500
ship/armorThermalDamageEffectiveResonance    = 0.137500
ship/armorKineticDamageEffectiveResonance    = 0.187500
ship/armorExplosiveDamageEffectiveResonance  = 0.225000
ship/armorEmDamageEffectiveResonance         = 0.125000
ship/shieldEhp                               = 14239.164935
ship/hullEhp                                 = 4645.522272
ship/armorEhp                                = 4074.074092
ship/shieldDamageEffectiveResonance          = 0.280915
ship/hullDamageEffectiveResonance            = 0.670000
ship/armorDamageEffectiveResonance           = 0.675000
ship/droneCapacityLoad                       = 20.000000
ship/droneActive                             = 2.000000
ship/droneDamagePerSecond                    = 479.532408
ship/damagePerSecondWithReload               = 549.099313
ship/damagePerSecondWithoutReload            = 571.706029
ship/damageAlpha                             = 522.500000
ship/powerFree                               = 185.700000
ship/cpuFree                                 = 21.000000
ship/capacitorDepletesIn                     = 215.016000
ship/capacitorPeakDeltaPercentage            = -44.413781
ship/capacitorPeakDelta                      = -12.160916
ship/capacitorPeakLoad                       = 39.541869
ship/capacitorPeakRecharge                   = 27.380952
ship/alignTime                               = 9.016875
ship/mass                                    = 14600000.000000
ship/hp                                      = 3112.500000
ship/powerOutput                             = 837.500000
ship/powerLoad                               = 651.800000
ship/maxVelocity                             = 635.043879
ship/cpuOutput                               = 475.000000
ship/cpuLoad                                 = 454.000000
ship/rechargeRate                            = 367500.000000
ship/agility                                 = 0.445500
ship/maxTargetRange                          = 72500.000000
ship/scanSpeed                               = 4500.000000
ship/warpCapacitorNeed                       = 0.000000
ship/scanGravimetricStrength                 = 26.400000
ship/shieldCapacity                          = 4000.000000
ship/armorHP                                 = 2750.000000
ship/shieldEmDamageResonance                 = 0.387469
ship/shieldExplosiveDamageResonance          = 0.193735
ship/shieldKineticDamageResonance            = 0.232482
ship/shieldThermalDamageResonance            = 0.309976
ship/maxResearchGangSize                     = 30.000000
ship/shieldRechargeRate                      = 937500.000000
ship/capacitorCapacity                       = 4025.000000
ship/shieldUniformity                        = 1.000000
ship/shipBonus2AF                            = 25.000000
ship/shipBonusGC                             = 25.000000
ship/shipBonusCC                             = 25.000000
ship/shipBonusMB                             = 25.000000
ship/shipBonusCB                             = 25.000000
ship/shipBonusAB                             = 25.000000
ship/shipBonusMI                             = 25.000000
ship/shipBonusAI                             = 25.000000
ship/shipBonusCI                             = 25.000000
ship/shipBonusGI                             = 25.000000
ship/signatureRadius                         = 163.398494
ship/scanResolution                          = 356.250000
ship/shipBonusCC2                            = -20.000000
ship/shipBonusGC2                            = 50.000000
ship/advancedAgility                         = 0.750000
ship/jumpDriveConsumptionAmount              = 1000.000000
ship/advancedCapitalAgility                  = 0.750000
ship/jumpDriveCapacitorNeed                  = 0.750000
ship/droneBandwidthLoad                      = 20.000000
ship/energyWarfareResistance                 = 0.730000
ship/shipBonusUF1                            = 5.000000
ship/shipBonusUF2                            = 5.000000
ship/shipBonusUC1                            = 5.000000
ship/shipBonusUC2                            = 5.000000
ship/shipBonusUB1                            = 5.000000
ship/shipBonusUB2                            = 5.000000
ship/conduitPassengerBonusModAdd             = 25.000000
ship/shipBonusOreDestroyer1                  = 25.000000
ship/shipBonusOreDestroyer2                  = 25.000000
ship/shipBonusOreDestroyer3                  = 25.000000
ship/shipBonusSoEECS1                        = 25.000000
ship/shipBonusSoEECS2                        = 25.000000
ship/shipBonusSoEECS3                        = 25.000000
ship/shipBonusSoEECS4                        = 25.000000
ship/shipBonusSoEECS5                        = 25.000000
ship/shipBonusAB3                            = 25.000000

character/corporationMemberLimit                   = 12600.000000
character/maxLockedTargets                         = 25.000000
character/manufactureSlotLimit                     = 15.000000
character/manufactureTimeMultiplier                = 0.680000
character/maxActiveDrones                          = 5.000000
character/negotiationPercentage                    = 1.250000
character/diplomacyBonus                           = 2.000000
character/fastTalkPercentage                       = 125.000000
character/connectionsBonus                         = 2.000000
character/criminalConnectionsBonus                 = 2.000000
character/amarrTechTimePercent                     = 75.000000
character/manufacturingTimeResearchSpeed           = 0.637500
character/copySpeedPercent                         = 0.637500
character/reverseEngineeringChance                 = 100.000000
character/mineralNeedResearchSpeed                 = 0.637500
character/smugglingChance                          = 0.500000
character/droneControlDistance                     = 80000.000000
character/maxLaborotorySlots                       = 11.000000
character/bountyBonus                              = 7500.000000
character/contrabandDetectionChance                = -0.500000
character/maxJumpClones                            = 15.000000
character/posStructureControlAmount                = 5.000000
character/moduleRepairRate                         = 20.000000
character/shipBrokenModuleRepairCostMultiplier     = 0.375000
character/baseDefenderAllyCost                     = 7500000.000000
character/cloneJumpCoolDown                        = 19.000000
character/piTaxReduction                           = 0.500000
character/inventionReverseEngineeringResearchSpeed = 0.850000
character/reactionTimeMultiplier                   = 0.800000
character/reactionSlotLimit                        = 10.000000

low_1-3/type             = Drone Damage Amplifier II
low_1-3/state            = online
low_1-3/hp               = 50.000000
low_1-3/damageMultiplier = 2.378633

medium_1/type              = Multispectrum Shield Hardener II
medium_1/state             = active
medium_1/capacitorPeakLoad = 3.200000
medium_1/cycleTime         = 10000.000000
medium_1/heatDamage        = 2.550000

medium_2/type  = Republic Fleet Large Cap Battery
medium_2/state = online
medium_2/cpu   = 30.000000

medium_3/type              = 10MN Monopropellant Enduring Afterburner
medium_3/state             = active
medium_3/capacitorPeakLoad = 2.000000
medium_3/cycleTime         = 7500.000000
medium_3/capacitorNeed     = 15.000000
medium_3/speedFactor       = 156.250000
medium_3/duration          = 7500.000000
medium_3/heatDamage        = 4.275000

medium_4/type              = Multispectrum Shield Hardener II
medium_4/state             = active
medium_4/capacitorPeakLoad = 3.200000
medium_4/cycleTime         = 10000.000000
medium_4/heatDamage        = 2.550000

medium_5/type  = Copasetic Compact Shield Boost Amplifier
medium_5/state = online

medium_6/type              = Pithum C-Type Medium Shield Booster
medium_6/state             = active
medium_6/shieldBoostRate   = 124.553057
medium_6/capacitorPeakLoad = 31.141869
medium_6/cycleTime         = 1734.000000
medium_6/capacitorNeed     = 54.000000
medium_6/shieldBonus       = 215.975000
medium_6/duration          = 1734.000000
medium_6/heatDamage        = 1.500000

high_1-2/type                         = Upgraded 'Malkuth' Rapid Light Missile Launcher
high_1-2/state                        = active
high_1-2/damageVolley                 = 130.625000
high_1-2/speedWithReload              = 7510.755245
high_1-2/speedOfReload                = 1842.105245
high_1-2/damagePerSecondWithReload    = 17.391726
high_1-2/damagePerSecondWithoutReload = 23.043405
high_1-2/chargeAmount                 = 19.000000
high_1-2/power                        = 65.700000
high_1-2/cpu                          = 21.000000
high_1-2/speed                        = 5668.650000
high_1-2/heatDamage                   = 1.275000
high_1-2/charge/type                  = Caldari Navy Mjolnir Light Missile
high_1-2/charge/maxVelocity           = 5625.000000
high_1-2/charge/emDamage              = 130.625000
high_1-2/charge/explosionDelay        = 7500.000000
high_1-2/charge/aoeVelocity           = 255.000000
high_1-2/charge/aoeCloudSize          = 30.000000

high_3/type  = Drone Link Augmentor I
high_3/state = online

high_4-5/type                         = Upgraded 'Malkuth' Rapid Light Missile Launcher
high_4-5/state                        = active
high_4-5/damageVolley                 = 130.625000
high_4-5/speedWithReload              = 7510.755245
high_4-5/speedOfReload                = 1842.105245
high_4-5/damagePerSecondWithReload    = 17.391726
high_4-5/damagePerSecondWithoutReload = 23.043405
high_4-5/chargeAmount                 = 19.000000
high_4-5/power                        = 65.700000
high_4-5/cpu                          = 21.000000
high_4-5/speed                        = 5668.650000
high_4-5/heatDamage                   = 1.275000
high_4-5/charge/type                  = Caldari Navy Mjolnir Light Missile
high_4-5/charge/maxVelocity           = 5625.000000
high_4-5/charge/emDamage              = 130.625000
high_4-5/charge/explosionDelay        = 7500.000000
high_4-5/charge/aoeVelocity           = 255.000000
high_4-5/charge/aoeCloudSize          = 30.000000

rig_1-2/type     = Medium Core Defense Operational Solidifier I
rig_1-2/state    = online
rig_1-2/drawback = 5.000000

rig_3/type     = Medium Core Defense Operational Solidifier II
rig_3/state    = online
rig_3/drawback = 5.000000

dronebay_1-2/type                         = Imperial Navy Infiltrator
dronebay_1-2/state                        = active
dronebay_1-2/damageVolley                 = 959.064815
dronebay_1-2/speedWithReload              = 4000.000000
dronebay_1-2/damagePerSecondWithoutReload = 239.766204
dronebay_1-2/hp                           = 1487.500000
dronebay_1-2/maxVelocity                  = 3450.000000
dronebay_1-2/maxRange                     = 6000.000000
dronebay_1-2/damageMultiplier             = 29.970775
dronebay_1-2/shieldCapacity               = 840.000000
dronebay_1-2/armorHP                      = 3990.000000
