---
source: tests/harness/case.rs
expression: "calculate_fit(eft_fit, skills)"
---
capacitor/capacity             = 3787.000000
capacitor/depletes_in          = 360.000000
capacitor/peak                 = -5.823370
capacitor/percentage           = -26.061024
capacitor/recharge             = 423.750000
capacitor/stable               = false
cpu/capacity                   = 412.500000
cpu/free                       = 96.000000
defense/armor/hp               = 2125.000000
defense/armor/resist/em        = 74.859470
defense/armor/resist/expl      = 48.455216
defense/armor/resist/kin       = 51.676766
defense/armor/resist/therm     = 58.119865
defense/ehp                    = 9960.688227
defense/recharge/armor         = 45.786184
defense/recharge/hull          = 0.000000
defense/recharge/passive       = 4.000000
defense/recharge/shield        = 0.000000
defense/shield/hp              = 1500.000000
defense/shield/recharge        = 937.500000
defense/shield/resist/em       = 0.000000
defense/shield/resist/expl     = 50.000000
defense/shield/resist/kin      = 39.999998
defense/shield/resist/therm    = 19.999999
defense/structure/hp           = 1875.000000
defense/structure/resist/em    = 32.999998
defense/structure/resist/expl  = 32.999998
defense/structure/resist/kin   = 32.999998
defense/structure/resist/therm = 32.999998
drones/active                  = 5.000000
drones/bandwidth               = 40.000000
drones/bandwidth_load          = 25.000000
drones/capacity                = 40.000000
drones/capacity_load           = 25.000000
drones/dps                     = 65.624999
drones/range                   = 60.000000
navigation/agility             = 0.304763
navigation/align_time          = 7.604830
navigation/mass                = 18000.000000
navigation/speed               = 748.177084
navigation/warp_speed          = 4.000000
offense/alpha                  = 551.082132
offense/dps                    = 386.508603
offense/dps_with_reload        = 386.506735
offense/drone_dps              = 65.624999
power/capacity                 = 1250.000000
power/free                     = 246.930000
slots/hi_1                     = active
slots/hi_2                     = active
slots/hi_3                     = active
slots/hi_4                     = active
slots/hi_5                     = active
slots/hi_6                     = empty
slots/hi_7                     = empty
slots/hi_8                     = empty
slots/lo_1                     = online
slots/lo_2                     = online
slots/lo_3                     = online
slots/lo_4                     = online
slots/lo_5                     = online
slots/lo_6                     = active
slots/lo_7                     = empty
slots/lo_8                     = empty
slots/med_1                    = active
slots/med_2                    = online
slots/med_3                    = active
slots/med_4                    = empty
slots/med_5                    = empty
slots/med_6                    = empty
slots/med_7                    = empty
slots/med_8                    = empty
targeting/lock_range           = 68.750000
targeting/max_locked_targets   = 6.000000
targeting/scan_resolution      = 375.000000
targeting/sensor_strength      = 18.000000
targeting/signature_radius     = 115.000000
