---
source: tests/harness/case.rs
expression: "calculate_fit(eft_fit, skills)"
---
capacitor/capacity             = 3030.000000
capacitor/depletes_in          = 130.000000
capacitor/peak                 = -19.016898
capacitor/percentage           = -141.842211
capacitor/recharge             = 565.000000
capacitor/stable               = false
cpu/capacity                   = 330.000000
cpu/free                       = -29.000000
defense/armor/hp               = 1700.000000
defense/armor/resist/em        = 73.011214
defense/armor/resist/expl      = 43.259457
defense/armor/resist/kin       = 46.805742
defense/armor/resist/therm     = 53.898311
defense/ehp                    = 7609.312133
defense/recharge/armor         = 34.339638
defense/recharge/hull          = 0.000000
defense/recharge/passive       = 2.400000
defense/recharge/shield        = 0.000000
defense/shield/hp              = 1200.000000
defense/shield/recharge        = 1250.000000
defense/shield/resist/em       = 0.000000
defense/shield/resist/expl     = 50.000000
defense/shield/resist/kin      = 39.999998
defense/shield/resist/therm    = 19.999999
defense/structure/hp           = 1500.000000
defense/structure/resist/em    = 32.999998
defense/structure/resist/expl  = 32.999998
defense/structure/resist/kin   = 32.999998
defense/structure/resist/therm = 32.999998
drones/active                  = 5.000000
drones/bandwidth               = 40.000000
drones/bandwidth_load          = 25.000000
drones/capacity                = 40.000000
drones/capacity_load           = 25.000000
drones/dps                     = 34.999999
drones/range                   = 20.000000
navigation/agility             = 0.473000
navigation/align_time          = 11.802910
navigation/mass                = 18000.000000
navigation/speed               = 530.833334
navigation/warp_speed          = 4.000000
offense/alpha                  = 383.361483
offense/dps                    = 155.540623
offense/dps_with_reload        = 155.540244
offense/drone_dps              = 34.999999
power/capacity                 = 1000.000000
power/free                     = -71.680000
slots/hi_1                     = active
slots/hi_2                     = active
slots/hi_3                     = active
slots/hi_4                     = active
slots/hi_5                     = active
slots/hi_6                     = empty
slots/hi_7                     = empty
slots/hi_8                     = empty
slots/lo_1                     = online
slots/lo_2                     = online
slots/lo_3                     = online
slots/lo_4                     = online
slots/lo_5                     = online
slots/lo_6                     = active
slots/lo_7                     = empty
slots/lo_8                     = empty
slots/med_1                    = active
slots/med_2                    = online
slots/med_3                    = active
slots/med_4                    = empty
slots/med_5                    = empty
slots/med_6                    = empty
slots/med_7                    = empty
slots/med_8                    = empty
targeting/lock_range           = 55.000000
targeting/max_locked_targets   = 6.000000
targeting/scan_resolution      = 300.000000
targeting/sensor_strength      = 15.000000
targeting/signature_radius     = 115.000000
