---
source: tests/harness/case.rs
expression: "calculate_fit(eft_fit, skills)"
---
capacitor/capacity             = 350.000000
capacitor/depletes_in          = -1.000000
capacitor/peak                 = 0.216867
capacitor/percentage           = 5.142857
capacitor/recharge             = 207.500000
capacitor/stable               = true
cpu/capacity                   = 320.000000
cpu/free                       = 150.000000
defense/armor/hp               = 1000.000000
defense/armor/resist/em        = 59.999999
defense/armor/resist/expl      = 10.000002
defense/armor/resist/kin       = 25.000000
defense/armor/resist/therm     = 35.000002
defense/ehp                    = 14140.710429
defense/recharge/armor         = 0.000000
defense/recharge/hull          = 0.000000
defense/recharge/passive       = 19.760000
defense/recharge/shield        = 0.000000
defense/shield/hp              = 4940.000000
defense/shield/recharge        = 625.000000
defense/shield/resist/em       = 47.166400
defense/shield/resist/expl     = 62.500000
defense/shield/resist/kin      = 54.999998
defense/shield/resist/therm    = 57.733119
defense/structure/hp           = 1027.199174
defense/structure/resist/em    = 32.999998
defense/structure/resist/expl  = 32.999998
defense/structure/resist/kin   = 32.999998
defense/structure/resist/therm = 32.999998
drones/active                  = 0.000000
drones/bandwidth               = 0.000000
drones/bandwidth_load          = 0.000000
drones/capacity                = 0.000000
drones/capacity_load           = 0.000000
drones/dps                     = 0.000000
drones/range                   = 20.000000
navigation/agility             = 0.535362
navigation/align_time          = 7.421694
navigation/mass                = 10000.000000
navigation/speed               = 86.894502
navigation/warp_speed          = 7.140462
offense/alpha                  = 0.000000
offense/dps                    = 0.000000
offense/dps_with_reload        = 0.000000
offense/drone_dps              = 0.000000
power/capacity                 = 200.000000
power/free                     = -103.000000
targeting/lock_range           = 35.000000
targeting/max_locked_targets   = 2.000000
targeting/scan_resolution      = 95.000000
targeting/sensor_strength      = 7.000000
targeting/signature_radius     = 273.858356

low_1-3/type  = Expanded Cargohold II
low_1-3/state = online

low_4-5/type  = Inertial Stabilizers II
low_4-5/state = online

medium_1-2/type  = Large Shield Extender I
medium_1-2/state = online

medium_3/type              = Multispectrum Shield Hardener I
medium_3/state             = active
medium_3/capacitorPeakLoad = 4.000000
medium_3/cycleTime         = 10000.000000

medium_4/type  = Thermal Shield Amplifier I
medium_4/state = online

medium_5/type  = EM Shield Amplifier I
medium_5/state = online

rig_1-3/type  = Medium Hyperspatial Velocity Optimizer I
rig_1-3/state = online
