---
source: tests/harness/case.rs
expression: "calculate_fit(eft_fit, skills)"
---
ship/type                                    = Machariel
ship/scanStrength                            = 31.200000
ship/passiveShieldEffectiveRechargeRate      = 55.314047
ship/passiveShieldRechargeRate               = 17.086667
ship/shieldEffectiveBoostRate                = 598.084483
ship/shieldBoostRate                         = 184.750000
ship/velocityBoost                           = 673.901022
ship/ehp                                     = 77279.620319
ship/shieldThermalDamageEffectiveResonance   = 0.085215
ship/shieldKineticDamageEffectiveResonance   = 0.063911
ship/shieldExplosiveDamageEffectiveResonance = 0.053259
ship/shieldEmDamageEffectiveResonance        = 0.106518
ship/hullThermalDamageEffectiveResonance     = 0.167500
ship/hullKineticDamageEffectiveResonance     = 0.167500
ship/hullExplosiveDamageEffectiveResonance   = 0.167500
ship/hullEmDamageEffectiveResonance          = 0.167500
ship/armorThermalDamageEffectiveResonance    = 0.162500
ship/armorKineticDamageEffectiveResonance    = 0.187500
ship/armorExplosiveDamageEffectiveResonance  = 0.225000
ship/armorEmDamageEffectiveResonance         = 0.100000
ship/shieldEhp                               = 41485.535320
ship/hullEhp                                 = 16951.492115
ship/armorEhp                                = 18842.592884
ship/shieldDamageEffectiveResonance          = 0.308903
ship/hullDamageEffectiveResonance            = 0.670000
ship/armorDamageEffectiveResonance           = 0.675000
ship/droneCapacityLoad                       = 25.000000
ship/droneActive                             = 5.000000
ship/droneDamagePerSecond                    = 80.437497
ship/damagePerSecondWithReload               = 1091.317179
ship/damagePerSecondWithoutReload            = 1097.881896
ship/damageAlpha                             = 3264.020742
ship/powerFree                               = 5636.500000
ship/cpuFree                                 = 23.750000
ship/capacitorDepletesIn                     = 100.000000
ship/capacitorPeakDeltaPercentage            = -292.958791
ship/capacitorPeakDelta                      = -61.350411
ship/capacitorPeakLoad                       = 82.292063
ship/capacitorPeakRecharge                   = 20.941652
ship/alignTime                               = 12.996876
ship/mass                                    = 144680000.000000
ship/hp                                      = 11357.500000
ship/powerOutput                             = 22437.500000
ship/powerLoad                               = 16801.000000
ship/maxVelocity                             = 1557.475806
ship/cpuOutput                               = 750.000000
ship/cpuLoad                                 = 726.250000
ship/rechargeRate                            = 865500.000000
ship/agility                                 = 0.064800
ship/maxTargetRange                          = 112500.000000
ship/scanSpeed                               = 5062.500000
ship/warpCapacitorNeed                       = 0.000000
ship/scanLadarStrength                       = 31.200000
ship/shieldCapacity                          = 12815.000000
ship/armorHP                                 = 12718.750000
ship/shieldEmDamageResonance                 = 0.426073
ship/shieldExplosiveDamageResonance          = 0.213036
ship/shieldKineticDamageResonance            = 0.255644
ship/shieldThermalDamageResonance            = 0.340858
ship/maxResearchGangSize                     = 30.000000
ship/shieldRechargeRate                      = 1875000.000000
ship/capacitorCapacity                       = 7250.000000
ship/shieldUniformity                        = 1.000000
ship/shipBonus2AF                            = 25.000000
ship/shipBonusGC                             = 25.000000
ship/shipBonusCC                             = 25.000000
ship/shipBonusMB                             = 25.000000
ship/shipBonusCB                             = 25.000000
ship/shipBonusAB                             = 25.000000
ship/shipBonusMI                             = 25.000000
ship/shipBonusAI                             = 25.000000
ship/shipBonusCI                             = 25.000000
ship/shipBonusGI                             = 25.000000
ship/shipBonusGB                             = 37.500000
ship/signatureRadius                         = 4130.775791
ship/scanResolution                          = 203.750000
ship/warpSpeedMultiplier                     = 6.519937
ship/advancedAgility                         = 0.750000
ship/jumpDriveConsumptionAmount              = 1000.000000
ship/advancedCapitalAgility                  = 0.750000
ship/jumpDriveCapacitorNeed                  = 0.750000
ship/droneBandwidthLoad                      = 25.000000
ship/shipBonusUF1                            = 5.000000
ship/shipBonusUF2                            = 5.000000
ship/shipBonusUC1                            = 5.000000
ship/shipBonusUC2                            = 5.000000
ship/shipBonusUB1                            = 5.000000
ship/shipBonusUB2                            = 5.000000
ship/conduitPassengerBonusModAdd             = 25.000000
ship/shipBonusOreDestroyer1                  = 25.000000
ship/shipBonusOreDestroyer2                  = 25.000000
ship/shipBonusOreDestroyer3                  = 25.000000
ship/shipBonusSoEECS1                        = 25.000000
ship/shipBonusSoEECS2                        = 25.000000
ship/shipBonusSoEECS3                        = 25.000000
ship/shipBonusSoEECS4                        = 25.000000
ship/shipBonusSoEECS5                        = 25.000000
ship/shipBonusAB3                            = 25.000000

character/corporationMemberLimit                   = 12600.000000
character/maxLockedTargets                         = 25.000000
character/manufactureSlotLimit                     = 15.000000
character/manufactureTimeMultiplier                = 0.680000
character/maxActiveDrones                          = 5.000000
character/negotiationPercentage                    = 1.250000
character/diplomacyBonus                           = 2.000000
character/fastTalkPercentage                       = 125.000000
character/connectionsBonus                         = 2.000000
character/criminalConnectionsBonus                 = 2.000000
character/amarrTechTimePercent                     = 75.000000
character/manufacturingTimeResearchSpeed           = 0.637500
character/copySpeedPercent                         = 0.637500
character/reverseEngineeringChance                 = 100.000000
character/mineralNeedResearchSpeed                 = 0.637500
character/smugglingChance                          = 0.500000
character/droneControlDistance                     = 60000.000000
character/maxLaborotorySlots                       = 11.000000
character/bountyBonus                              = 7500.000000
character/contrabandDetectionChance                = -0.500000
character/maxJumpClones                            = 15.000000
character/posStructureControlAmount                = 5.000000
character/moduleRepairRate                         = 20.000000
character/shipBrokenModuleRepairCostMultiplier     = 0.375000
character/baseDefenderAllyCost                     = 7500000.000000
character/cloneJumpCoolDown                        = 19.000000
character/piTaxReduction                           = 0.500000
character/inventionReverseEngineeringResearchSpeed = 0.850000
character/reactionTimeMultiplier                   = 0.800000
character/reactionSlotLimit                        = 10.000000

low_1-3/type  = Republic Fleet Gyrostabilizer
low_1-3/state = online

low_4-6/type  = Domination Tracking Enhancer
low_4-6/state = online

medium_1/type              = Gist X-Type 500MN Microwarpdrive
medium_1/state             = active
medium_1/capacitorPeakLoad = 24.000000
medium_1/cycleTime         = 10000.000000
medium_1/capacitorNeed     = 240.000000
medium_1/speedFactor       = 650.000000
medium_1/heatDamage        = 6.150000

medium_2/type              = Gist X-Type X-Large Shield Booster
medium_2/state             = active
medium_2/shieldBoostRate   = 184.750000
medium_2/capacitorPeakLoad = 45.900000
medium_2/cycleTime         = 4000.000000
medium_2/capacitorNeed     = 183.600000
medium_2/heatDamage        = 0.825000

medium_3/type              = Pithum C-Type Multispectrum Shield Hardener
medium_3/state             = active
medium_3/capacitorPeakLoad = 3.333333
medium_3/cycleTime         = 12000.000000
medium_3/heatDamage        = 3.000000

medium_4/type              = Large Micro Jump Drive
medium_4/state             = active
medium_4/capacitorPeakLoad = 4.158730
medium_4/cycleTime         = 189000.000000
medium_4/duration          = 9000.000000

medium_5/type               = Shadow Serpentis Tracking Computer
medium_5/state              = active
medium_5/capacitorPeakLoad  = 0.700000
medium_5/cycleTime          = 10000.000000
medium_5/falloffBonus       = 32.000000
medium_5/maxRangeBonus      = 16.000000
medium_5/trackingSpeedBonus = 0.000000
medium_5/heatDamage         = 2.475000
medium_5/charge/type        = Optimal Range Script

medium_6/type              = Multispectrum Shield Hardener II
medium_6/state             = active
medium_6/capacitorPeakLoad = 3.200000
medium_6/cycleTime         = 10000.000000
medium_6/heatDamage        = 2.550000

high_1-7/type                         = 800mm Repeating Cannon II
high_1-7/state                        = active
high_1-7/damageVolley                 = 466.288677
high_1-7/speedWithReload              = 3228.891430
high_1-7/speedOfReload                = 20.833334
high_1-7/damagePerSecondWithReload    = 144.411383
high_1-7/damagePerSecondWithoutReload = 145.349200
high_1-7/chargeAmount                 = 119.999998
high_1-7/cycleTime                    = 3208.058096
high_1-7/power                        = 1980.000000
high_1-7/cpu                          = 30.750000
high_1-7/speed                        = 3208.058096
high_1-7/maxRange                     = 4144.680629
high_1-7/damageMultiplier             = 8.447258
high_1-7/falloff                      = 65693.234524
high_1-7/trackingSpeed                = 6.824641
high_1-7/barrageDmgMultiplier         = 8.447258
high_1-7/barrageFalloff               = 65693.234524
high_1-7/entityFlyRange               = 250.000000
high_1-7/heatDamage                   = 0.675000
high_1-7/reloadTime                   = 2500.000000
high_1-7/charge/type                  = Republic Fleet EMP L

high_8/type              = Small Tractor Beam II
high_8/state             = active
high_8/capacitorPeakLoad = 1.000000
high_8/cycleTime         = 5000.000000

rig_1-3/type     = Large Hyperspatial Velocity Optimizer II
rig_1-3/state    = online
rig_1-3/drawback = 5.000000

dronebay_1-5/type                         = Warrior II
dronebay_1-5/state                        = active
dronebay_1-5/damageVolley                 = 64.349998
dronebay_1-5/speedWithReload              = 4000.000000
dronebay_1-5/damagePerSecondWithoutReload = 16.087499
dronebay_1-5/hp                           = 195.000000
dronebay_1-5/maxVelocity                  = 6300.000000
dronebay_1-5/maxRange                     = 2625.000000
dronebay_1-5/damageMultiplier             = 3.217500
dronebay_1-5/shieldCapacity               = 150.000000
dronebay_1-5/armorHP                      = 135.000000
