---
source: tests/harness/case.rs
expression: "calculate_fit(eft_fit, skills, edit)"
---
ship/type                                    = Caracal
ship/upgradeFree                             = 100.000000
ship/scanStrength                            = 19.200000
ship/passiveShieldEffectiveRechargeRate      = 10.227486
ship/passiveShieldRechargeRate               = 5.666667
ship/shieldEffectiveBoostRate                = 107.388608
ship/shieldBoostRate                         = 59.500000
ship/velocityBoost                           = 138.601419
ship/ehp                                     = 10393.359723
ship/shieldThermalDamageEffectiveResonance   = 0.180000
ship/shieldKineticDamageEffectiveResonance   = 0.135000
ship/shieldExplosiveDamageEffectiveResonance = 0.112500
ship/shieldEmDamageEffectiveResonance        = 0.126562
ship/hullThermalDamageEffectiveResonance     = 0.108875
ship/hullKineticDamageEffectiveResonance     = 0.108875
ship/hullExplosiveDamageEffectiveResonance   = 0.108875
ship/hullEmDamageEffectiveResonance          = 0.108875
ship/armorThermalDamageEffectiveResonance    = 0.120313
ship/armorKineticDamageEffectiveResonance    = 0.164062
ship/armorExplosiveDamageEffectiveResonance  = 0.196875
ship/armorEmDamageEffectiveResonance         = 0.109375
ship/shieldEhp                               = 3835.307435
ship/hullEhp                                 = 4018.369737
ship/armorEhp                                = 2539.682551
ship/shieldDamageEffectiveResonance          = 0.554062
ship/hullDamageEffectiveResonance            = 0.435500
ship/armorDamageEffectiveResonance           = 0.590625
ship/droneCapacityLoad                       = 10.000000
ship/droneActive                             = 2.000000
ship/droneDamagePerSecond                    = 28.125000
ship/damagePerSecondWithReload               = 284.414027
ship/damagePerSecondWithoutReload            = 298.652928
ship/damageAlpha                             = 811.548332
ship/powerFree                               = 51.412500
ship/cpuFree                                 = 90.250000
ship/capacitorDepletesIn                     = 164.000000
ship/capacitorPeakDeltaPercentage            = -55.285075
ship/capacitorPeakDelta                      = -13.873034
ship/capacitorPeakLoad                       = 38.966667
ship/capacitorPeakRecharge                   = 25.093633
ship/alignTime                               = 7.437050
ship/mass                                    = 16910000.000000
ship/hp                                      = 1750.000000
ship/powerOutput                             = 1048.162500
ship/powerLoad                               = 996.750000
ship/maxVelocity                             = 685.979081
ship/cpuOutput                               = 537.500000
ship/cpuLoad                                 = 447.250000
ship/rechargeRate                            = 333750.000000
ship/agility                                 = 0.317250
ship/maxTargetRange                          = 71875.000000
ship/scanSpeed                               = 4500.000000
ship/kineticDamageResonance                  = 0.435500
ship/thermalDamageResonance                  = 0.435500
ship/explosiveDamageResonance                = 0.435500
ship/emDamageResonance                       = 0.435500
ship/warpCapacitorNeed                       = 0.000000
ship/scanGravimetricStrength                 = 19.200000
ship/shieldCapacity                          = 2125.000000
ship/armorHP                                 = 1500.000000
ship/armorEmDamageResonance                  = 0.437500
ship/armorExplosiveDamageResonance           = 0.787500
ship/armorKineticDamageResonance             = 0.656250
ship/armorThermalDamageResonance             = 0.481250
ship/shieldEmDamageResonance                 = 0.506250
ship/shieldExplosiveDamageResonance          = 0.450000
ship/shieldKineticDamageResonance            = 0.540000
ship/shieldThermalDamageResonance            = 0.720000
ship/maxResearchGangSize                     = 30.000000
ship/shieldRechargeRate                      = 937500.000000
ship/capacitorCapacity                       = 3350.000000
ship/shieldUniformity                        = 1.000000
ship/shipBonus2AF                            = 25.000000
ship/shipBonusGC                             = 25.000000
ship/shipBonusCC                             = -25.000000
ship/shipBonusMB                             = 25.000000
ship/shipBonusCB                             = 25.000000
ship/shipBonusAB                             = 25.000000
ship/shipBonusMI                             = 25.000000
ship/shipBonusAI                             = 25.000000
ship/shipBonusCI                             = 25.000000
ship/shipBonusGI                             = 25.000000
ship/scanResolution                          = 337.500000
ship/shipBonusCC2                            = 50.000000
ship/advancedAgility                         = 0.750000
ship/jumpDriveConsumptionAmount              = 1000.000000
ship/advancedCapitalAgility                  = 0.750000
ship/jumpDriveCapacitorNeed                  = 0.750000
ship/upgradeLoad                             = 300.000000
ship/droneBandwidthLoad                      = 10.000000
ship/energyWarfareResistance                 = 0.780000
ship/shipBonusUF1                            = 5.000000
ship/shipBonusUF2                            = 5.000000
ship/shipBonusUC1                            = 5.000000
ship/shipBonusUC2                            = 5.000000
ship/shipBonusUB1                            = 5.000000
ship/shipBonusUB2                            = 5.000000
ship/conduitPassengerBonusModAdd             = 25.000000
ship/shipBonusOreDestroyer1                  = 25.000000
ship/shipBonusOreDestroyer2                  = 25.000000
ship/shipBonusOreDestroyer3                  = 25.000000
ship/shipBonusSoEECS1                        = 25.000000
ship/shipBonusSoEECS2                        = 25.000000
ship/shipBonusSoEECS3                        = 25.000000
ship/shipBonusSoEECS4                        = 25.000000
ship/shipBonusSoEECS5                        = 25.000000
ship/shipBonusAB3                            = 25.000000

character/corporationMemberLimit                   = 12600.000000
character/maxLockedTargets                         = 25.000000
character/manufactureSlotLimit                     = 15.000000
character/missileDamageMultiplier                  = 1.180434
character/manufactureTimeMultiplier                = 0.680000
character/maxActiveDrones                          = 5.000000
character/negotiationPercentage                    = 1.250000
character/diplomacyBonus                           = 2.000000
character/fastTalkPercentage                       = 125.000000
character/connectionsBonus                         = 2.000000
character/criminalConnectionsBonus                 = 2.000000
character/amarrTechTimePercent                     = 75.000000
character/manufacturingTimeResearchSpeed           = 0.637500
character/copySpeedPercent                         = 0.637500
character/reverseEngineeringChance                 = 100.000000
character/mineralNeedResearchSpeed                 = 0.637500
character/smugglingChance                          = 0.500000
character/droneControlDistance                     = 60000.000000
character/maxLaborotorySlots                       = 11.000000
character/bountyBonus                              = 7500.000000
character/contrabandDetectionChance                = -0.500000
character/maxJumpClones                            = 15.000000
character/posStructureControlAmount                = 5.000000
character/moduleRepairRate                         = 20.000000
character/shipBrokenModuleRepairCostMultiplier     = 0.375000
character/baseDefenderAllyCost                     = 7500000.000000
character/cloneJumpCoolDown                        = 19.000000
character/piTaxReduction                           = 0.500000
character/inventionReverseEngineeringResearchSpeed = 0.850000
character/reactionTimeMultiplier                   = 0.800000
character/reactionSlotLimit                        = 10.000000

outgoing_effect_1/type                 = X5 Enduring Stasis Webifier
outgoing_effect_1/effect               = remoteWebifierFalloff
outgoing_effect_1/speedFactor          = -55.000000
outgoing_effect_1/maxRange             = 10000.000000
outgoing_effect_1/falloffEffectiveness = 0.000000
outgoing_effect_1/remoteResistanceID   = 2115.000000

low_1-3/type  = Ballistic Control System I
low_1-3/state = online

low_4/type  = IFFA Compact Damage Control
low_4/state = online

medium_1/type              = 10MN Y-S8 Compact Afterburner
medium_1/state             = active
medium_1/capacitorPeakLoad = 2.666667
medium_1/cycleTime         = 7500.000000
medium_1/capacitorNeed     = 20.000000
medium_1/speedFactor       = 156.250000
medium_1/duration          = 7500.000000
medium_1/heatDamage        = 4.275000

medium_2/type              = Large C5-L Compact Shield Booster
medium_2/state             = active
medium_2/shieldBoostRate   = 59.500000
medium_2/capacitorPeakLoad = 36.000000
medium_2/cycleTime         = 4000.000000
medium_2/capacitorNeed     = 144.000000
medium_2/heatDamage        = 0.900000

medium_3/type  = Large Compact Pb-Acid Cap Battery
medium_3/state = online
medium_3/cpu   = 30.000000

medium_4/type                    = Compact EM Shield Amplifier
medium_4/state                   = online
medium_4/power                   = 0.750000
medium_4/emDamageResistanceBonus = -43.750000

medium_5/type              = X5 Enduring Stasis Webifier
medium_5/state             = active
medium_5/capacitorPeakLoad = 0.300000
medium_5/cycleTime         = 5000.000000
medium_5/capacitorNeed     = 1.500000
medium_5/heatDamage        = 3.750000

high_1-5/type                         = Prototype 'Arbalest' Heavy Assault Missile Launcher I
high_1-5/state                        = active
high_1-5/damageVolley                 = 162.309666
high_1-5/speedWithReload              = 3166.535620
high_1-5/speedOfReload                = 166.666667
high_1-5/damagePerSecondWithReload    = 51.257805
high_1-5/damagePerSecondWithoutReload = 54.105586
high_1-5/chargeAmount                 = 60.000000
high_1-5/power                        = 97.200000
high_1-5/cpu                          = 29.250000
high_1-5/speed                        = 2999.868952
high_1-5/heatDamage                   = 0.750000
high_1-5/charge/type                  = Scourge Heavy Assault Missile
high_1-5/charge/maxVelocity           = 5062.500000
high_1-5/charge/kineticDamage         = 162.309666
high_1-5/charge/explosionDelay        = 6000.000000
high_1-5/charge/aoeVelocity           = 151.500000
high_1-5/charge/aoeCloudSize          = 93.750000

rig_1-3/type  = Medium Ancillary Current Router I
rig_1-3/state = online

dronebay_1-2/type                         = Hornet I
dronebay_1-2/state                        = active
dronebay_1-2/damageVolley                 = 56.250000
dronebay_1-2/speedWithReload              = 4000.000000
dronebay_1-2/damagePerSecondWithoutReload = 14.062500
dronebay_1-2/hp                           = 187.500000
dronebay_1-2/maxVelocity                  = 3937.500000
dronebay_1-2/maxRange                     = 3000.000000
dronebay_1-2/damageMultiplier             = 2.812500
dronebay_1-2/shieldCapacity               = 225.000000
dronebay_1-2/armorHP                      = 87.500000
