---
source: tests/harness/case.rs
expression: "calculate_fit(eft_fit, skills)"
---
capacitor/capacity             = 2705.000000
capacitor/depletes_in          = 64.000000
capacitor/peak                 = -36.088235
capacitor/percentage           = -226.802218
capacitor/recharge             = 425.000000
capacitor/stable               = false
cpu/capacity                   = 350.000000
cpu/free                       = 11.000000
defense/armor/hp               = 1800.000000
defense/armor/resist/em        = 64.999999
defense/armor/resist/expl      = 21.250002
defense/armor/resist/kin       = 34.375000
defense/armor/resist/therm     = 43.125002
defense/ehp                    = 10052.108172
defense/recharge/armor         = 0.000000
defense/recharge/hull          = 0.000000
defense/recharge/passive       = 3.000000
defense/recharge/shield        = 59.500000
defense/shield/hp              = 1500.000000
defense/shield/recharge        = 1250.000000
defense/shield/resist/em       = 52.878823
defense/shield/resist/expl     = 68.050001
defense/shield/resist/kin      = 61.659999
defense/shield/resist/therm    = 48.880001
defense/structure/hp           = 1500.000000
defense/structure/resist/em    = 56.450001
defense/structure/resist/expl  = 56.450001
defense/structure/resist/kin   = 56.450001
defense/structure/resist/therm = 56.450001
drones/active                  = 5.000000
drones/bandwidth               = 40.000000
drones/bandwidth_load          = 25.000000
drones/capacity                = 40.000000
drones/capacity_load           = 25.000000
drones/dps                     = 34.999999
drones/range                   = 20.000000
navigation/agility             = 0.500000
navigation/align_time          = 11.922132
navigation/mass                = 17200.000000
navigation/speed               = 438.924418
navigation/warp_speed          = 4.000000
offense/alpha                  = 354.226034
offense/dps                    = 136.706943
offense/dps_with_reload        = 134.913959
offense/drone_dps              = 34.999999
power/capacity                 = 860.000000
power/free                     = -135.000000
slots/hi_1                     = active
slots/hi_2                     = active
slots/hi_3                     = active
slots/hi_4                     = active
slots/hi_5                     = empty
slots/hi_6                     = empty
slots/hi_7                     = empty
slots/hi_8                     = empty
slots/lo_1                     = online
slots/lo_2                     = online
slots/lo_3                     = online
slots/lo_4                     = online
slots/lo_5                     = online
slots/lo_6                     = empty
slots/lo_7                     = empty
slots/lo_8                     = empty
slots/med_1                    = active
slots/med_2                    = active
slots/med_3                    = active
slots/med_4                    = online
slots/med_5                    = empty
slots/med_6                    = empty
slots/med_7                    = empty
slots/med_8                    = empty
targeting/lock_range           = 50.000000
targeting/max_locked_targets   = 6.000000
targeting/scan_resolution      = 290.000000
targeting/sensor_strength      = 15.000000
targeting/signature_radius     = 137.500000
