---
source: tests/harness/case.rs
expression: "calculate_fit(eft_fit, skills, edit)"
---
ship/type                                    = Rupture
ship/capacitorStablePercentage               = 0.000000
ship/maxTargetsCharacter                     = 25.000000
ship/maxTargets                              = 6.000000
ship/upgradeFree                             = 50.000000
ship/scanStrength                            = 18.000000
ship/passiveShieldEffectiveRechargeRate      = 11.867241
ship/passiveShieldRechargeRate               = 5.000000
ship/shieldEffectiveBoostRate                = 141.220162
ship/shieldBoostRate                         = 59.500000
ship/velocityBoost                           = 136.264535
ship/ehp                                     = 12565.135215
ship/shieldThermalDamageEffectiveResonance   = 0.127800
ship/shieldKineticDamageEffectiveResonance   = 0.095850
ship/shieldExplosiveDamageEffectiveResonance = 0.079875
ship/shieldEmDamageEffectiveResonance        = 0.117803
ship/hullThermalDamageEffectiveResonance     = 0.108875
ship/hullKineticDamageEffectiveResonance     = 0.108875
ship/hullExplosiveDamageEffectiveResonance   = 0.108875
ship/hullEmDamageEffectiveResonance          = 0.108875
ship/armorThermalDamageEffectiveResonance    = 0.142187
ship/armorKineticDamageEffectiveResonance    = 0.164062
ship/armorExplosiveDamageEffectiveResonance  = 0.196875
ship/armorEmDamageEffectiveResonance         = 0.087500
ship/shieldEhp                               = 4450.215199
ship/hullEhp                                 = 4305.396147
ship/armorEhp                                = 3809.523868
ship/shieldDamageEffectiveResonance          = 0.421328
ship/hullDamageEffectiveResonance            = 0.435500
ship/armorDamageEffectiveResonance           = 0.590625
ship/droneCapacityLoad                       = 25.000000
ship/droneActive                             = 5.000000
ship/droneDamagePerSecond                    = 65.624999
ship/damagePerSecondWithReload               = 362.809091
ship/damagePerSecondWithoutReload            = 370.216106
ship/damageAlpha                             = 763.799886
ship/powerFree                               = 167.100000
ship/cpuFree                                 = 125.500000
ship/capacitorDepletesIn                     = 144.000000
ship/capacitorPeakDeltaPercentage            = -60.887246
ship/capacitorPeakDelta                      = -16.147059
ship/capacitorPeakLoad                       = 42.666667
ship/capacitorPeakRecharge                   = 26.519608
ship/alignTime                               = 8.047439
ship/mass                                    = 17200000.000000
ship/hp                                      = 1875.000000
ship/powerOutput                             = 1075.000000
ship/powerLoad                               = 907.900000
ship/maxVelocity                             = 620.194404
ship/cpuOutput                               = 437.500000
ship/cpuLoad                                 = 312.000000
ship/rechargeRate                            = 318750.000000
ship/agility                                 = 0.337500
ship/maxTargetRange                          = 62500.000000
ship/scanSpeed                               = 3375.000000
ship/kineticDamageResonance                  = 0.435500
ship/thermalDamageResonance                  = 0.435500
ship/explosiveDamageResonance                = 0.435500
ship/emDamageResonance                       = 0.435500
ship/warpCapacitorNeed                       = 0.000000
ship/scanLadarStrength                       = 18.000000
ship/shieldCapacity                          = 1875.000000
ship/armorHP                                 = 2250.000000
ship/armorEmDamageResonance                  = 0.350000
ship/armorExplosiveDamageResonance           = 0.787500
ship/armorKineticDamageResonance             = 0.656250
ship/armorThermalDamageResonance             = 0.568750
ship/shieldEmDamageResonance                 = 0.471212
ship/shieldExplosiveDamageResonance          = 0.319500
ship/shieldKineticDamageResonance            = 0.383400
ship/shieldThermalDamageResonance            = 0.511200
ship/maxResearchGangSize                     = 30.000000
ship/shieldRechargeRate                      = 937500.000000
ship/capacitorCapacity                       = 3381.250000
ship/shieldUniformity                        = 1.000000
ship/shipBonus2AF                            = 25.000000
ship/shipBonusGC                             = 25.000000
ship/shipBonusCC                             = 25.000000
ship/shipBonusMC                             = 50.000000
ship/shipBonusMB                             = 25.000000
ship/shipBonusCB                             = 25.000000
ship/shipBonusAB                             = 25.000000
ship/shipBonusMI                             = 25.000000
ship/shipBonusAI                             = 25.000000
ship/shipBonusCI                             = 25.000000
ship/shipBonusGI                             = 25.000000
ship/signatureRadius                         = 131.250000
ship/scanResolution                          = 362.500000
ship/shipBonusMC2                            = 37.500000
ship/advancedAgility                         = 0.750000
ship/jumpDriveConsumptionAmount              = 1000.000000
ship/advancedCapitalAgility                  = 0.750000
ship/jumpDriveCapacitorNeed                  = 0.750000
ship/upgradeLoad                             = 350.000000
ship/droneBandwidthLoad                      = 25.000000
ship/energyWarfareResistance                 = 0.780000
ship/shipBonusUF1                            = 5.000000
ship/shipBonusUF2                            = 5.000000
ship/shipBonusUC1                            = 5.000000
ship/shipBonusUC2                            = 5.000000
ship/shipBonusUB1                            = 5.000000
ship/shipBonusUB2                            = 5.000000
ship/conduitPassengerBonusModAdd             = 25.000000
ship/shipBonusOreDestroyer1                  = 25.000000
ship/shipBonusOreDestroyer2                  = 25.000000
ship/shipBonusOreDestroyer3                  = 25.000000
ship/shipBonusSoEECS1                        = 25.000000
ship/shipBonusSoEECS2                        = 25.000000
ship/shipBonusSoEECS3                        = 25.000000
ship/shipBonusSoEECS4                        = 25.000000
ship/shipBonusSoEECS5                        = 25.000000
ship/shipBonusAB3                            = 25.000000

character/corporationMemberLimit                   = 12600.000000
character/maxLockedTargets                         = 25.000000
character/manufactureSlotLimit                     = 15.000000
character/manufactureTimeMultiplier                = 0.680000
character/maxActiveDrones                          = 5.000000
character/negotiationPercentage                    = 1.250000
character/diplomacyBonus                           = 2.000000
character/fastTalkPercentage                       = 125.000000
character/connectionsBonus                         = 2.000000
character/criminalConnectionsBonus                 = 2.000000
character/amarrTechTimePercent                     = 75.000000
character/manufacturingTimeResearchSpeed           = 0.637500
character/copySpeedPercent                         = 0.637500
character/reverseEngineeringChance                 = 100.000000
character/mineralNeedResearchSpeed                 = 0.637500
character/smugglingChance                          = 0.500000
character/droneControlDistance                     = 60000.000000
character/maxLaborotorySlots                       = 11.000000
character/bountyBonus                              = 7500.000000
character/contrabandDetectionChance                = -0.500000
character/maxJumpClones                            = 15.000000
character/posStructureControlAmount                = 5.000000
character/moduleRepairRate                         = 20.000000
character/shipBrokenModuleRepairCostMultiplier     = 0.375000
character/baseDefenderAllyCost                     = 7500000.000000
character/cloneJumpCoolDown                        = 19.000000
character/piTaxReduction                           = 0.500000
character/inventionReverseEngineeringResearchSpeed = 0.850000
character/reactionTimeMultiplier                   = 0.800000
character/reactionSlotLimit                        = 10.000000

low_1-3/type  = Counterbalanced Compact Gyrostabilizer
low_1-3/state = online

low_4/type  = Fourier Compact Tracking Enhancer
low_4/state = online

low_5/type  = IFFA Compact Damage Control
low_5/state = online

medium_1/type              = Large C5-L Compact Shield Booster
medium_1/state             = active
medium_1/shieldBoostRate   = 59.500000
medium_1/capacitorPeakLoad = 36.000000
medium_1/cycleTime         = 4000.000000
medium_1/capacitorNeed     = 144.000000
medium_1/heatDamage        = 0.900000

medium_2/type              = Compact Multispectrum Shield Hardener
medium_2/state             = active
medium_2/capacitorPeakLoad = 4.000000
medium_2/cycleTime         = 10000.000000
medium_2/heatDamage        = 3.000000

medium_3/type              = 10MN Y-S8 Compact Afterburner
medium_3/state             = active
medium_3/capacitorPeakLoad = 2.666667
medium_3/cycleTime         = 7500.000000
medium_3/capacitorNeed     = 20.000000
medium_3/speedFactor       = 156.250000
medium_3/duration          = 7500.000000
medium_3/heatDamage        = 4.275000

medium_4/type  = Large Compact Pb-Acid Cap Battery
medium_4/state = online
medium_4/cpu   = 30.000000

high_1-4/type                         = 220mm Medium Prototype Automatic Cannon
high_1-4/state                        = active
high_1-4/damageVolley                 = 190.949972
high_1-4/speedWithReload              = 2570.123727
high_1-4/speedOfReload                = 62.500001
high_1-4/damagePerSecondWithReload    = 74.296023
high_1-4/damagePerSecondWithoutReload = 76.147777
high_1-4/chargeAmount                 = 159.999998
high_1-4/cycleTime                    = 2507.623726
high_1-4/power                        = 99.225000
high_1-4/cpu                          = 12.750000
high_1-4/speed                        = 2507.623726
high_1-4/maxRange                     = 1400.484375
high_1-4/damageMultiplier             = 6.918477
high_1-4/falloff                      = 16350.695366
high_1-4/trackingSpeed                = 72.135363
high_1-4/barrageDmgMultiplier         = 6.918477
high_1-4/barrageFalloff               = 16350.695366
high_1-4/entityFlyRange               = 250.000000
high_1-4/heatDamage                   = 0.525000
high_1-4/charge/type                  = Republic Fleet EMP M

rig_1/type     = Medium EM Shield Reinforcer I
rig_1/state    = online
rig_1/drawback = 5.000000

rig_2/type     = Medium Projectile Ambit Extension I
rig_2/state    = online
rig_2/drawback = 5.000000

rig_3/type     = Medium Projectile Burst Aerator I
rig_3/state    = online
rig_3/drawback = 5.000000

dronebay_1-5/type                         = Acolyte I
dronebay_1-5/state                        = active
dronebay_1-5/damageVolley                 = 52.499999
dronebay_1-5/speedWithReload              = 4000.000000
dronebay_1-5/damagePerSecondWithoutReload = 13.125000
dronebay_1-5/hp                           = 212.500000
dronebay_1-5/maxVelocity                  = 4812.500000
dronebay_1-5/maxRange                     = 3000.000000
dronebay_1-5/damageMultiplier             = 2.625000
dronebay_1-5/shieldCapacity               = 50.000000
dronebay_1-5/armorHP                      = 237.500000
