---
source: tests/harness/case.rs
expression: "calculate_fit(eft_fit, skills)"
---
capacitor/capacity             = 5800.000000
capacitor/depletes_in          = 136.000000
capacitor/peak                 = -33.513565
capacitor/percentage           = -113.657569
capacitor/recharge             = 491.751555
capacitor/stable               = false
cpu/capacity                   = 825.000000
cpu/free                       = 2.500000
defense/armor/hp               = 12375.000000
defense/armor/resist/em        = 59.999999
defense/armor/resist/expl      = 10.000002
defense/armor/resist/kin       = 25.000000
defense/armor/resist/therm     = 35.000002
defense/ehp                    = 57293.678201
defense/recharge/armor         = 0.000000
defense/recharge/hull          = 0.000000
defense/recharge/passive       = 12.844149
defense/recharge/shield        = 69.000000
defense/shield/hp              = 13062.500000
defense/shield/recharge        = 2542.500000
defense/shield/resist/em       = 35.000000
defense/shield/resist/expl     = 50.000000
defense/shield/resist/kin      = 39.999998
defense/shield/resist/therm    = 19.999999
defense/structure/hp           = 12375.000000
defense/structure/resist/em    = 32.999998
defense/structure/resist/expl  = 32.999998
defense/structure/resist/kin   = 32.999998
defense/structure/resist/therm = 32.999998
drones/active                  = 5.000000
drones/bandwidth               = 125.000000
drones/bandwidth_load          = 125.000000
drones/capacity                = 200.000000
drones/capacity_load           = 125.000000
drones/dps                     = 449.759164
drones/range                   = 84.000000
navigation/agility             = 0.074250
navigation/align_time          = 15.707478
navigation/mass                = 152600.000000
navigation/speed               = 1242.853460
navigation/warp_speed          = 3.000000
offense/alpha                  = 2520.906508
offense/dps                    = 1401.612291
offense/dps_with_reload        = 1072.448203
offense/drone_dps              = 449.759164
power/capacity                 = 16250.000000
power/free                     = 8289.000000
slots/hi_1                     = active
slots/hi_2                     = active
slots/hi_3                     = active
slots/hi_4                     = active
slots/hi_5                     = active
slots/hi_6                     = active
slots/hi_7                     = active
slots/hi_8                     = online
slots/lo_1                     = online
slots/lo_2                     = online
slots/lo_3                     = online
slots/lo_4                     = online
slots/lo_5                     = online
slots/lo_6                     = online
slots/lo_7                     = online
slots/lo_8                     = empty
slots/med_1                    = active
slots/med_2                    = active
slots/med_3                    = active
slots/med_4                    = online
slots/med_5                    = active
slots/med_6                    = empty
slots/med_7                    = empty
slots/med_8                    = empty
targeting/lock_range           = 108.000000
targeting/max_locked_targets   = 9.000000
targeting/scan_resolution      = 187.500000
targeting/sensor_strength      = 27.600000
targeting/signature_radius     = 1836.482558
