---
source: tests/harness/case.rs
expression: "calculate_fit(eft_fit, skills)"
---
ship/type                                    = Omen
ship/scanStrength                            = 15.000000
ship/passiveShieldEffectiveRechargeRate      = 3.310345
ship/passiveShieldRechargeRate               = 2.400000
ship/armorEffectiveRepairRate                = 75.048952
ship/armorRepairRate                         = 34.339638
ship/velocityBoost                           = 104.166667
ship/ehp                                     = 7609.312133
ship/shieldThermalDamageEffectiveResonance   = 0.200000
ship/shieldKineticDamageEffectiveResonance   = 0.150000
ship/shieldExplosiveDamageEffectiveResonance = 0.125000
ship/shieldEmDamageEffectiveResonance        = 0.250000
ship/hullThermalDamageEffectiveResonance     = 0.167500
ship/hullKineticDamageEffectiveResonance     = 0.167500
ship/hullExplosiveDamageEffectiveResonance   = 0.167500
ship/hullEmDamageEffectiveResonance          = 0.167500
ship/armorThermalDamageEffectiveResonance    = 0.115254
ship/armorKineticDamageEffectiveResonance    = 0.132986
ship/armorExplosiveDamageEffectiveResonance  = 0.141851
ship/armorEmDamageEffectiveResonance         = 0.067472
ship/shieldEhp                               = 1655.172393
ship/hullEhp                                 = 2238.805914
ship/armorEhp                                = 3715.333825
ship/shieldDamageEffectiveResonance          = 0.725000
ship/hullDamageEffectiveResonance            = 0.670000
ship/armorDamageEffectiveResonance           = 0.457563
ship/droneCapacityLoad                       = 25.000000
ship/droneActive                             = 5.000000
ship/droneDamagePerSecond                    = 34.999999
ship/damagePerSecondWithReload               = 155.540244
ship/damagePerSecondWithoutReload            = 155.540623
ship/damageAlpha                             = 383.361483
ship/powerFree                               = -71.680000
ship/cpuFree                                 = -29.000000
ship/capacitorDepletesIn                     = 130.000000
ship/capacitorPeakDeltaPercentage            = -141.842211
ship/capacitorPeakDelta                      = -19.016898
ship/capacitorPeakLoad                       = 32.423978
ship/capacitorPeakRecharge                   = 13.407080
ship/alignTime                               = 11.802910
ship/mass                                    = 18000000.000000
ship/powerLoad                               = 1071.680000
ship/maxVelocity                             = 530.833334
ship/cpuLoad                                 = 359.000000
ship/agility                                 = 0.473000
ship/armorEmDamageResonance                  = 0.269888
ship/armorExplosiveDamageResonance           = 0.567405
ship/armorKineticDamageResonance             = 0.531943
ship/armorThermalDamageResonance             = 0.461017
ship/shipBonusAC                             = 0.000000
ship/capacitorCapacity                       = 3030.000000
ship/shipBonus2AF                            = 0.000000
ship/shipBonusGC                             = 0.000000
ship/shipBonusCC                             = 0.000000
ship/shipBonusMB                             = 0.000000
ship/shipBonusCB                             = 0.000000
ship/shipBonusAB                             = 0.000000
ship/shipBonusMI                             = 0.000000
ship/shipBonusAI                             = 0.000000
ship/shipBonusCI                             = 0.000000
ship/shipBonusGI                             = 0.000000
ship/shipBonusAC2                            = 0.000000
ship/droneBandwidthLoad                      = 25.000000
ship/energyWarfareResistance                 = 0.780000
ship/shipBonusUF1                            = 0.000000
ship/shipBonusUF2                            = 0.000000
ship/shipBonusUC1                            = 0.000000
ship/shipBonusUC2                            = 0.000000
ship/shipBonusUB1                            = 0.000000
ship/shipBonusUB2                            = 0.000000
ship/shipBonusOreDestroyer1                  = 0.000000
ship/shipBonusOreDestroyer2                  = 0.000000
ship/shipBonusOreDestroyer3                  = 0.000000
ship/shipBonusSoEECS1                        = 0.000000
ship/shipBonusSoEECS2                        = 0.000000
ship/shipBonusSoEECS3                        = 0.000000
ship/shipBonusSoEECS4                        = 0.000000
ship/shipBonusSoEECS5                        = 0.000000
ship/shipBonusAB3                            = 0.000000

low_1-3/type  = Extruded Compact Heat Sink
low_1-3/state = online

low_4-5/type  = Compact Multispectrum Energized Membrane
low_4-5/state = online

low_6/type              = Medium ACM Compact Armor Repairer
low_6/state             = active
low_6/armorRepairRate   = 34.339638
low_6/capacitorPeakLoad = 13.333333
low_6/cycleTime         = 12000.000000
low_6/power             = 130.680000
low_6/armorDamageAmount = 412.075653

medium_1/type              = 10MN Y-S8 Compact Afterburner
medium_1/state             = active
medium_1/capacitorPeakLoad = 8.000000
medium_1/cycleTime         = 10000.000000

medium_2/type  = Large Compact Pb-Acid Cap Battery
medium_2/state = online

medium_3/type              = X5 Enduring Stasis Webifier
medium_3/state             = active
medium_3/capacitorPeakLoad = 0.400000
medium_3/cycleTime         = 5000.000000

high_1-5/type                         = Focused Anode Pulse Particle Stream I
high_1-5/state                        = active
high_1-5/damageVolley                 = 76.672297
high_1-5/speedWithReload              = 3180.360920
high_1-5/speedOfReload                = 0.010000
high_1-5/damagePerSecondWithReload    = 24.108049
high_1-5/damagePerSecondWithoutReload = 24.108125
high_1-5/capacitorPeakLoad            = 2.138129
high_1-5/cycleTime                    = 3180.350920
high_1-5/speed                        = 3180.350920
high_1-5/maxRange                     = 5434.000000
high_1-5/damageMultiplier             = 2.777982
high_1-5/entityFlyRange               = 250.000000
high_1-5/charge/type                  = Imperial Navy Multifrequency M

rig_1/type  = Medium EM Armor Reinforcer I
rig_1/state = online

rig_2-3/type  = Medium Auxiliary Nano Pump I
rig_2-3/state = online

dronebay_1-5/type                         = Acolyte I
dronebay_1-5/state                        = active
dronebay_1-5/damageVolley                 = 28.000000
dronebay_1-5/speedWithReload              = 4000.000000
dronebay_1-5/damagePerSecondWithoutReload = 7.000000
