---
source: tests/harness/case.rs
expression: "calculate_fit(eft_fit, skills, edit)"
---
ship/type                                    = Rupture
ship/capacitorStablePercentage               = 0.000000
ship/maxTargetsCharacter                     = 0.000000
ship/upgradeFree                             = 50.000000
ship/scanStrength                            = 15.000000
ship/passiveShieldEffectiveRechargeRate      = 7.120344
ship/passiveShieldRechargeRate               = 3.000000
ship/shieldEffectiveBoostRate                = 141.220162
ship/shieldBoostRate                         = 59.500000
ship/velocityBoost                           = 109.011628
ship/ehp                                     = 10052.108172
ship/shieldThermalDamageEffectiveResonance   = 0.127800
ship/shieldKineticDamageEffectiveResonance   = 0.095850
ship/shieldExplosiveDamageEffectiveResonance = 0.079875
ship/shieldEmDamageEffectiveResonance        = 0.117803
ship/hullThermalDamageEffectiveResonance     = 0.108875
ship/hullKineticDamageEffectiveResonance     = 0.108875
ship/hullExplosiveDamageEffectiveResonance   = 0.108875
ship/hullEmDamageEffectiveResonance          = 0.108875
ship/armorThermalDamageEffectiveResonance    = 0.142187
ship/armorKineticDamageEffectiveResonance    = 0.164062
ship/armorExplosiveDamageEffectiveResonance  = 0.196875
ship/armorEmDamageEffectiveResonance         = 0.087500
ship/shieldEhp                               = 3560.172160
ship/hullEhp                                 = 3444.316918
ship/armorEhp                                = 3047.619095
ship/shieldDamageEffectiveResonance          = 0.421328
ship/hullDamageEffectiveResonance            = 0.435500
ship/armorDamageEffectiveResonance           = 0.590625
ship/droneCapacityLoad                       = 25.000000
ship/droneActive                             = 5.000000
ship/droneDamagePerSecond                    = 34.999999
ship/damagePerSecondWithReload               = 134.913959
ship/damagePerSecondWithoutReload            = 136.706943
ship/damageAlpha                             = 354.226034
ship/powerFree                               = -135.000000
ship/cpuFree                                 = 11.000000
ship/capacitorDepletesIn                     = 64.000000
ship/capacitorPeakDeltaPercentage            = -226.802218
ship/capacitorPeakDelta                      = -36.088235
ship/capacitorPeakLoad                       = 52.000000
ship/capacitorPeakRecharge                   = 15.911765
ship/alignTime                               = 11.922132
ship/mass                                    = 17200000.000000
ship/powerLoad                               = 995.000000
ship/maxVelocity                             = 438.924418
ship/cpuLoad                                 = 339.000000
ship/kineticDamageResonance                  = 0.435500
ship/thermalDamageResonance                  = 0.435500
ship/explosiveDamageResonance                = 0.435500
ship/emDamageResonance                       = 0.435500
ship/armorEmDamageResonance                  = 0.350000
ship/armorExplosiveDamageResonance           = 0.787500
ship/armorKineticDamageResonance             = 0.656250
ship/armorThermalDamageResonance             = 0.568750
ship/shieldEmDamageResonance                 = 0.471212
ship/shieldExplosiveDamageResonance          = 0.319500
ship/shieldKineticDamageResonance            = 0.383400
ship/shieldThermalDamageResonance            = 0.511200
ship/capacitorCapacity                       = 2705.000000
ship/shipBonus2AF                            = 0.000000
ship/shipBonusGC                             = 0.000000
ship/shipBonusCC                             = 0.000000
ship/shipBonusMC                             = 0.000000
ship/shipBonusMB                             = 0.000000
ship/shipBonusCB                             = 0.000000
ship/shipBonusAB                             = 0.000000
ship/shipBonusMI                             = 0.000000
ship/shipBonusAI                             = 0.000000
ship/shipBonusCI                             = 0.000000
ship/shipBonusGI                             = 0.000000
ship/signatureRadius                         = 137.500000
ship/shipBonusMC2                            = 0.000000
ship/upgradeLoad                             = 350.000000
ship/droneBandwidthLoad                      = 25.000000
ship/energyWarfareResistance                 = 0.780000
ship/shipBonusUF1                            = 0.000000
ship/shipBonusUF2                            = 0.000000
ship/shipBonusUC1                            = 0.000000
ship/shipBonusUC2                            = 0.000000
ship/shipBonusUB1                            = 0.000000
ship/shipBonusUB2                            = 0.000000
ship/shipBonusOreDestroyer1                  = 0.000000
ship/shipBonusOreDestroyer2                  = 0.000000
ship/shipBonusOreDestroyer3                  = 0.000000
ship/shipBonusSoEECS1                        = 0.000000
ship/shipBonusSoEECS2                        = 0.000000
ship/shipBonusSoEECS3                        = 0.000000
ship/shipBonusSoEECS4                        = 0.000000
ship/shipBonusSoEECS5                        = 0.000000
ship/shipBonusAB3                            = 0.000000

low_1-3/type  = Counterbalanced Compact Gyrostabilizer
low_1-3/state = online

low_4/type  = Fourier Compact Tracking Enhancer
low_4/state = online

low_5/type  = IFFA Compact Damage Control
low_5/state = online

medium_1/type              = Large C5-L Compact Shield Booster
medium_1/state             = active
medium_1/shieldBoostRate   = 59.500000
medium_1/capacitorPeakLoad = 40.000000
medium_1/cycleTime         = 4000.000000

medium_2/type              = Compact Multispectrum Shield Hardener
medium_2/state             = active
medium_2/capacitorPeakLoad = 4.000000
medium_2/cycleTime         = 10000.000000

medium_3/type              = 10MN Y-S8 Compact Afterburner
medium_3/state             = active
medium_3/capacitorPeakLoad = 8.000000
medium_3/cycleTime         = 10000.000000

medium_4/type  = Large Compact Pb-Acid Cap Battery
medium_4/state = online

high_1-4/type                         = 220mm Medium Prototype Automatic Cannon
high_1-4/state                        = active
high_1-4/damageVolley                 = 88.556509
high_1-4/speedWithReload              = 3545.310732
high_1-4/speedOfReload                = 62.500001
high_1-4/damagePerSecondWithReload    = 24.978490
high_1-4/damagePerSecondWithoutReload = 25.426736
high_1-4/chargeAmount                 = 159.999998
high_1-4/cycleTime                    = 3482.810731
high_1-4/power                        = 121.000000
high_1-4/speed                        = 3482.810731
high_1-4/maxRange                     = 1120.387500
high_1-4/damageMultiplier             = 3.208569
high_1-4/falloff                      = 13080.556292
high_1-4/trackingSpeed                = 41.969666
high_1-4/barrageDmgMultiplier         = 3.208569
high_1-4/barrageFalloff               = 13080.556292
high_1-4/entityFlyRange               = 250.000000
high_1-4/charge/type                  = Republic Fleet EMP M

rig_1/type  = Medium EM Shield Reinforcer I
rig_1/state = online

rig_2/type  = Medium Projectile Ambit Extension I
rig_2/state = online

rig_3/type  = Medium Projectile Burst Aerator I
rig_3/state = online

dronebay_1-5/type                         = Acolyte I
dronebay_1-5/state                        = active
dronebay_1-5/damageVolley                 = 28.000000
dronebay_1-5/speedWithReload              = 4000.000000
dronebay_1-5/damagePerSecondWithoutReload = 7.000000

ship                                           = resource Powergrid 995.000000 of 860.000000
ship                                           = resource LaunchedDrones 5.000000 of 0.000000
ship                                           = skill Minmatar Cruiser needs 1 has 0
ship                                           = skill Spaceship Command needs 2 has 0
ship                                           = skill Minmatar Destroyer needs 3 has 0
ship                                           = skill Minmatar Frigate needs 3 has 0
low_1/Counterbalanced Compact Gyrostabilizer   = skill Weapon Upgrades needs 1 has 0
low_1/Counterbalanced Compact Gyrostabilizer   = skill Gunnery needs 2 has 0
low_2/Counterbalanced Compact Gyrostabilizer   = skill Weapon Upgrades needs 1 has 0
low_2/Counterbalanced Compact Gyrostabilizer   = skill Gunnery needs 2 has 0
low_3/Counterbalanced Compact Gyrostabilizer   = skill Weapon Upgrades needs 1 has 0
low_3/Counterbalanced Compact Gyrostabilizer   = skill Gunnery needs 2 has 0
low_4/Fourier Compact Tracking Enhancer        = skill Weapon Upgrades needs 1 has 0
low_4/Fourier Compact Tracking Enhancer        = skill Gunnery needs 2 has 0
low_5/IFFA Compact Damage Control              = skill Hull Upgrades needs 1 has 0
low_5/IFFA Compact Damage Control              = skill Mechanics needs 1 has 0
medium_1/Large C5-L Compact Shield Booster     = skill Shield Operation needs 2 has 0
medium_1/Large C5-L Compact Shield Booster     = skill Power Grid Management needs 1 has 0
medium_2/Compact Multispectrum Shield Hardener = skill Tactical Shield Manipulation needs 1 has 0
medium_2/Compact Multispectrum Shield Hardener = skill Power Grid Management needs 3 has 0
medium_3/10MN Y-S8 Compact Afterburner         = skill Afterburner needs 1 has 0
medium_3/10MN Y-S8 Compact Afterburner         = skill Navigation needs 1 has 0
medium_4/Large Compact Pb-Acid Cap Battery     = skill Energy Grid Upgrades needs 2 has 0
medium_4/Large Compact Pb-Acid Cap Battery     = skill Power Grid Management needs 2 has 0
medium_4/Large Compact Pb-Acid Cap Battery     = skill Science needs 1 has 0
high_1/220mm Medium Prototype Automatic Cannon = skill Medium Projectile Turret needs 1 has 0
high_1/220mm Medium Prototype Automatic Cannon = skill Gunnery needs 3 has 0
high_1/220mm Medium Prototype Automatic Cannon = skill Small Projectile Turret needs 3 has 0
high_2/220mm Medium Prototype Automatic Cannon = skill Medium Projectile Turret needs 1 has 0
high_2/220mm Medium Prototype Automatic Cannon = skill Gunnery needs 3 has 0
high_2/220mm Medium Prototype Automatic Cannon = skill Small Projectile Turret needs 3 has 0
high_3/220mm Medium Prototype Automatic Cannon = skill Medium Projectile Turret needs 1 has 0
high_3/220mm Medium Prototype Automatic Cannon = skill Gunnery needs 3 has 0
high_3/220mm Medium Prototype Automatic Cannon = skill Small Projectile Turret needs 3 has 0
high_4/220mm Medium Prototype Automatic Cannon = skill Medium Projectile Turret needs 1 has 0
high_4/220mm Medium Prototype Automatic Cannon = skill Gunnery needs 3 has 0
high_4/220mm Medium Prototype Automatic Cannon = skill Small Projectile Turret needs 3 has 0
dronebay/Acolyte I                             = skill Light Drone Operation needs 1 has 0
dronebay/Acolyte I                             = skill Drones needs 1 has 0
