---
source: tests/harness/case.rs
expression: "calculate_fit(eft_fit, skills)"
---
capacitor/capacity             = 4025.000000
capacitor/depletes_in          = 215.016000
capacitor/peak                 = -12.160916
capacitor/percentage           = -44.413781
capacitor/recharge             = 367.500000
capacitor/stable               = false
cpu/capacity                   = 475.000000
cpu/free                       = 21.000000
defense/armor/hp               = 2750.000000
defense/armor/resist/em        = 50.000000
defense/armor/resist/expl      = 10.000002
defense/armor/resist/kin       = 25.000000
defense/armor/resist/therm     = 44.999999
defense/ehp                    = 22958.761299
defense/recharge/armor         = 0.000000
defense/recharge/hull          = 0.000000
defense/recharge/passive       = 10.666667
defense/recharge/shield        = 124.553057
defense/shield/hp              = 4000.000000
defense/shield/recharge        = 937.500000
defense/shield/resist/em       = 61.253056
defense/shield/resist/expl     = 80.626528
defense/shield/resist/kin      = 76.751832
defense/shield/resist/therm    = 69.002444
defense/structure/hp           = 3112.500000
defense/structure/resist/em    = 32.999998
defense/structure/resist/expl  = 32.999998
defense/structure/resist/kin   = 32.999998
defense/structure/resist/therm = 32.999998
drones/active                  = 2.000000
drones/bandwidth               = 20.000000
drones/bandwidth_load          = 20.000000
drones/capacity                = 100.000000
drones/capacity_load           = 20.000000
drones/dps                     = 479.532408
drones/range                   = 80.000000
navigation/agility             = 0.445500
navigation/align_time          = 9.016875
navigation/mass                = 14600.000000
navigation/speed               = 635.043879
navigation/warp_speed          = 4.000000
offense/alpha                  = 522.500000
offense/dps                    = 571.706029
offense/dps_with_reload        = 549.099313
offense/drone_dps              = 479.532408
power/capacity                 = 837.500000
power/free                     = 185.700000
slots/hi_1                     = active
slots/hi_2                     = active
slots/hi_3                     = online
slots/hi_4                     = active
slots/hi_5                     = active
slots/hi_6                     = empty
slots/hi_7                     = empty
slots/hi_8                     = empty
slots/lo_1                     = online
slots/lo_2                     = online
slots/lo_3                     = online
slots/lo_4                     = empty
slots/lo_5                     = empty
slots/lo_6                     = empty
slots/lo_7                     = empty
slots/lo_8                     = empty
slots/med_1                    = active
slots/med_2                    = online
slots/med_3                    = active
slots/med_4                    = active
slots/med_5                    = online
slots/med_6                    = active
slots/med_7                    = empty
slots/med_8                    = empty
targeting/lock_range           = 72.500000
targeting/max_locked_targets   = 7.000000
targeting/scan_resolution      = 356.250000
targeting/sensor_strength      = 26.400000
targeting/signature_radius     = 163.398494
