---
source: tests/harness/case.rs
expression: "calculate_fit(eft_fit, skills)"
---
capacitor/capacity             = 2680.000000
capacitor/depletes_in          = 68.000000
capacitor/peak                 = -33.343820
capacitor/percentage           = -221.462687
capacitor/recharge             = 445.000000
capacitor/stable               = false
cpu/capacity                   = 430.000000
cpu/free                       = -76.000000
defense/armor/hp               = 1200.000000
defense/armor/resist/em        = 56.250000
defense/armor/resist/expl      = 21.250002
defense/armor/resist/kin       = 34.375000
defense/armor/resist/therm     = 51.874999
defense/ehp                    = 8209.404830
defense/recharge/armor         = 0.000000
defense/recharge/hull          = 0.000000
defense/recharge/passive       = 3.400000
defense/recharge/shield        = 59.500000
defense/shield/hp              = 1700.000000
defense/shield/recharge        = 1250.000000
defense/shield/resist/em       = 41.500002
defense/shield/resist/expl     = 55.000001
defense/shield/resist/kin      = 45.999999
defense/shield/resist/therm    = 28.000001
defense/structure/hp           = 1400.000000
defense/structure/resist/em    = 56.450001
defense/structure/resist/expl  = 56.450001
defense/structure/resist/kin   = 56.450001
defense/structure/resist/therm = 56.450001
drones/active                  = 2.000000
drones/bandwidth               = 10.000000
drones/bandwidth_load          = 10.000000
drones/capacity                = 10.000000
drones/capacity_load           = 10.000000
drones/dps                     = 15.000000
drones/range                   = 20.000000
navigation/agility             = 0.470000
navigation/align_time          = 11.017852
navigation/mass                = 16910.000000
navigation/speed               = 485.026612
navigation/warp_speed          = 4.000000
offense/alpha                  = 590.216969
offense/dps                    = 127.883926
offense/dps_with_reload        = 124.396753
offense/drone_dps              = 15.000000
power/capacity                 = 838.530000
power/free                     = -212.470000
targeting/lock_range           = 57.500000
targeting/max_locked_targets   = 6.000000
targeting/scan_resolution      = 270.000000
targeting/sensor_strength      = 16.000000
targeting/signature_radius     = 125.000000

low_1-3/type  = Ballistic Control System I
low_1-3/state = online

low_4/type  = IFFA Compact Damage Control
low_4/state = online

medium_1/type              = 10MN Y-S8 Compact Afterburner
medium_1/state             = active
medium_1/capacitorPeakLoad = 8.000000
medium_1/cycleTime         = 10000.000000

medium_2/type              = Large C5-L Compact Shield Booster
medium_2/state             = active
medium_2/shieldBoostRate   = 59.500000
medium_2/capacitorPeakLoad = 40.000000
medium_2/cycleTime         = 4000.000000

medium_3/type  = Large Compact Pb-Acid Cap Battery
medium_3/state = online

medium_4/type  = Compact EM Shield Amplifier
medium_4/state = online

medium_5/type              = X5 Enduring Stasis Webifier
medium_5/state             = active
medium_5/capacitorPeakLoad = 0.400000
medium_5/cycleTime         = 5000.000000

high_1-5/type                         = Prototype 'Arbalest' Heavy Assault Missile Launcher I
high_1-5/state                        = active
high_1-5/damageVolley                 = 118.043394
high_1-5/speedWithReload              = 5395.196431
high_1-5/speedOfReload                = 166.666667
high_1-5/damagePerSecondWithReload    = 21.879351
high_1-5/damagePerSecondWithoutReload = 22.576785
high_1-5/chargeAmount                 = 60.000000
high_1-5/speed                        = 5228.529764
high_1-5/charge/type                  = Scourge Heavy Assault Missile
high_1-5/charge/kineticDamage         = 118.043394

rig_1-3/type  = Medium Ancillary Current Router I
rig_1-3/state = online

dronebay_1-2/type                         = Hornet I
dronebay_1-2/state                        = active
dronebay_1-2/damageVolley                 = 30.000000
dronebay_1-2/speedWithReload              = 4000.000000
dronebay_1-2/damagePerSecondWithoutReload = 7.500000
