---
source: tests/harness/case.rs
expression: "calculate_fit(eft_fit, skills)"
---
capacitor/capacity             = 1280.000000
capacitor/depletes_in          = 23.057747
capacitor/peak                 = -46.848896
capacitor/percentage           = -827.175814
capacitor/recharge             = 565.000000
capacitor/stable               = false
cpu/capacity                   = 330.000000
cpu/free                       = -105.000000
defense/armor/hp               = 3330.000000
defense/armor/resist/em        = 65.999999
defense/armor/resist/expl      = 45.599998
defense/armor/resist/kin       = 48.999999
defense/armor/resist/therm     = 55.800000
defense/ehp                    = 12877.870424
defense/recharge/armor         = 0.000000
defense/recharge/hull          = 0.000000
defense/recharge/passive       = 2.400000
defense/recharge/shield        = 0.000000
defense/shield/hp              = 1200.000000
defense/shield/recharge        = 1250.000000
defense/shield/resist/em       = 12.500000
defense/shield/resist/expl     = 56.250000
defense/shield/resist/kin      = 47.499998
defense/shield/resist/therm    = 29.999999
defense/structure/hp           = 1500.000000
defense/structure/resist/em    = 59.799997
defense/structure/resist/expl  = 59.799997
defense/structure/resist/kin   = 59.799997
defense/structure/resist/therm = 59.799997
drones/active                  = 5.000000
drones/bandwidth               = 40.000000
drones/bandwidth_load          = 40.000000
drones/capacity                = 40.000000
drones/capacity_load           = 40.000000
drones/dps                     = 61.679998
drones/range                   = 20.000000
navigation/agility             = 0.390870
navigation/align_time          = 10.403729
navigation/mass                = 19200.000000
navigation/speed               = 1356.499218
navigation/warp_speed          = 4.000000
offense/alpha                  = 507.892301
offense/dps                    = 215.868787
offense/dps_with_reload        = 215.868319
offense/drone_dps              = 61.679998
power/capacity                 = 1000.000000
power/free                     = -366.250000
slots/hi_1                     = active
slots/hi_2                     = active
slots/hi_3                     = active
slots/hi_4                     = active
slots/hi_5                     = active
slots/hi_6                     = empty
slots/hi_7                     = empty
slots/hi_8                     = empty
slots/lo_1                     = online
slots/lo_2                     = online
slots/lo_3                     = online
slots/lo_4                     = online
slots/lo_5                     = active
slots/lo_6                     = online
slots/lo_7                     = empty
slots/lo_8                     = empty
slots/med_1                    = active
slots/med_2                    = active
slots/med_3                    = active
slots/med_4                    = empty
slots/med_5                    = empty
slots/med_6                    = empty
slots/med_7                    = empty
slots/med_8                    = empty
targeting/lock_range           = 55.000000
targeting/max_locked_targets   = 6.000000
targeting/scan_resolution      = 300.000000
targeting/sensor_strength      = 15.000000
targeting/signature_radius     = 632.500000
