---
source: tests/harness/case.rs
expression: "calculate_fit(eft_fit, skills)"
---
capacitor/capacity             = 2680.000000
capacitor/depletes_in          = 68.000000
capacitor/peak                 = -33.343820
capacitor/percentage           = -221.462687
capacitor/recharge             = 445.000000
capacitor/stable               = false
cpu/capacity                   = 430.000000
cpu/free                       = -76.000000
defense/armor/hp               = 1200.000000
defense/armor/resist/em        = 56.250000
defense/armor/resist/expl      = 21.250002
defense/armor/resist/kin       = 34.375000
defense/armor/resist/therm     = 51.874999
defense/ehp                    = 8209.404830
defense/recharge/armor         = 0.000000
defense/recharge/hull          = 0.000000
defense/recharge/passive       = 3.400000
defense/recharge/shield        = 59.500000
defense/shield/hp              = 1700.000000
defense/shield/recharge        = 1250.000000
defense/shield/resist/em       = 41.500002
defense/shield/resist/expl     = 55.000001
defense/shield/resist/kin      = 45.999999
defense/shield/resist/therm    = 28.000001
defense/structure/hp           = 1400.000000
defense/structure/resist/em    = 56.450001
defense/structure/resist/expl  = 56.450001
defense/structure/resist/kin   = 56.450001
defense/structure/resist/therm = 56.450001
drones/active                  = 2.000000
drones/bandwidth               = 10.000000
drones/bandwidth_load          = 10.000000
drones/capacity                = 10.000000
drones/capacity_load           = 10.000000
drones/dps                     = 15.000000
drones/range                   = 20.000000
navigation/agility             = 0.470000
navigation/align_time          = 11.017852
navigation/mass                = 16910.000000
navigation/speed               = 485.026612
navigation/warp_speed          = 4.000000
offense/alpha                  = 590.216969
offense/dps                    = 127.883926
offense/dps_with_reload        = 124.396753
offense/drone_dps              = 15.000000
power/capacity                 = 838.530000
power/free                     = -212.470000
slots/hi_1                     = active
slots/hi_2                     = active
slots/hi_3                     = active
slots/hi_4                     = active
slots/hi_5                     = active
slots/hi_6                     = empty
slots/hi_7                     = empty
slots/hi_8                     = empty
slots/lo_1                     = online
slots/lo_2                     = online
slots/lo_3                     = online
slots/lo_4                     = online
slots/lo_5                     = empty
slots/lo_6                     = empty
slots/lo_7                     = empty
slots/lo_8                     = empty
slots/med_1                    = active
slots/med_2                    = active
slots/med_3                    = online
slots/med_4                    = online
slots/med_5                    = active
slots/med_6                    = empty
slots/med_7                    = empty
slots/med_8                    = empty
targeting/lock_range           = 57.500000
targeting/max_locked_targets   = 6.000000
targeting/scan_resolution      = 270.000000
targeting/sensor_strength      = 16.000000
targeting/signature_radius     = 125.000000
