---
source: tests/harness/case.rs
expression: "calculate_fit(eft_fit, skills, edit)"
---
ship/type                                    = Typhoon Fleet Issue
ship/upgradeFree                             = 125.000000
ship/scanStrength                            = 27.600000
ship/passiveShieldEffectiveRechargeRate      = 20.147685
ship/passiveShieldRechargeRate               = 12.844149
ship/shieldEffectiveBoostRate                = 108.235293
ship/shieldBoostRate                         = 69.000000
ship/velocityBoost                           = 620.494759
ship/ehp                                     = 57293.678201
ship/shieldThermalDamageEffectiveResonance   = 0.200000
ship/shieldKineticDamageEffectiveResonance   = 0.150000
ship/shieldExplosiveDamageEffectiveResonance = 0.125000
ship/shieldEmDamageEffectiveResonance        = 0.162500
ship/hullThermalDamageEffectiveResonance     = 0.167500
ship/hullKineticDamageEffectiveResonance     = 0.167500
ship/hullExplosiveDamageEffectiveResonance   = 0.167500
ship/hullEmDamageEffectiveResonance          = 0.167500
ship/armorThermalDamageEffectiveResonance    = 0.162500
ship/armorKineticDamageEffectiveResonance    = 0.187500
ship/armorExplosiveDamageEffectiveResonance  = 0.225000
ship/armorEmDamageEffectiveResonance         = 0.100000
ship/shieldEhp                               = 20490.195791
ship/hullEhp                                 = 18470.148794
ship/armorEhp                                = 18333.333617
ship/shieldDamageEffectiveResonance          = 0.637500
ship/hullDamageEffectiveResonance            = 0.670000
ship/armorDamageEffectiveResonance           = 0.675000
ship/droneCapacityLoad                       = 125.000000
ship/droneActive                             = 5.000000
ship/droneDamagePerSecond                    = 449.759164
ship/damagePerSecondWithReload               = 1072.448203
ship/damagePerSecondWithoutReload            = 1401.612291
ship/damageAlpha                             = 2520.906508
ship/powerFree                               = 8289.000000
ship/cpuFree                                 = 2.500000
ship/capacitorDepletesIn                     = 136.000000
ship/capacitorPeakDeltaPercentage            = -113.657569
ship/capacitorPeakDelta                      = -33.513565
ship/capacitorPeakLoad                       = 63.000000
ship/capacitorPeakRecharge                   = 29.486435
ship/alignTime                               = 15.707478
ship/mass                                    = 152600000.000000
ship/hp                                      = 12375.000000
ship/powerOutput                             = 16250.000000
ship/powerLoad                               = 7961.000000
ship/maxVelocity                             = 1242.853460
ship/cpuOutput                               = 825.000000
ship/cpuLoad                                 = 822.500000
ship/rechargeRate                            = 491751.555394
ship/agility                                 = 0.074250
ship/maxTargetRange                          = 108000.000000
ship/scanSpeed                               = 5062.500000
ship/warpCapacitorNeed                       = 0.000000
ship/maxLockedTargets                        = 9.000000
ship/scanLadarStrength                       = 27.600000
ship/shieldCapacity                          = 13062.500000
ship/armorHP                                 = 12375.000000
ship/shieldEmDamageResonance                 = 0.650000
ship/maxResearchGangSize                     = 30.000000
ship/shieldRechargeRate                      = 2542500.000000
ship/capacitorCapacity                       = 5800.000086
ship/shieldUniformity                        = 1.000000
ship/shipBonus2AF                            = 25.000000
ship/shipBonusGC                             = 25.000000
ship/shipBonusCC                             = 25.000000
ship/shipBonusMB                             = 37.500000
ship/shipBonusCB                             = 25.000000
ship/shipBonusAB                             = 25.000000
ship/shipBonusMI                             = 25.000000
ship/shipBonusAI                             = 25.000000
ship/shipBonusCI                             = 25.000000
ship/shipBonusGI                             = 25.000000
ship/shipBonusMB2                            = -37.500000
ship/signatureRadius                         = 1836.482558
ship/scanResolution                          = 187.500000
ship/advancedAgility                         = 0.750000
ship/jumpDriveConsumptionAmount              = 1000.000000
ship/advancedCapitalAgility                  = 0.750000
ship/jumpDriveCapacitorNeed                  = 0.750000
ship/upgradeLoad                             = 275.000000
ship/droneBandwidthLoad                      = 125.000000
ship/shipBonusUF1                            = 5.000000
ship/shipBonusUF2                            = 5.000000
ship/shipBonusUC1                            = 5.000000
ship/shipBonusUC2                            = 5.000000
ship/shipBonusUB1                            = 5.000000
ship/shipBonusUB2                            = 5.000000
ship/conduitPassengerBonusModAdd             = 25.000000
ship/shipBonusOreDestroyer1                  = 25.000000
ship/shipBonusOreDestroyer2                  = 25.000000
ship/shipBonusOreDestroyer3                  = 25.000000
ship/shipBonusSoEECS1                        = 25.000000
ship/shipBonusSoEECS2                        = 25.000000
ship/shipBonusSoEECS3                        = 25.000000
ship/shipBonusSoEECS4                        = 25.000000
ship/shipBonusSoEECS5                        = 25.000000
ship/shipBonusAB3                            = 25.000000

character/corporationMemberLimit                   = 12600.000000
character/maxLockedTargets                         = 25.000000
character/manufactureSlotLimit                     = 15.000000
character/missileDamageMultiplier                  = 1.299583
character/manufactureTimeMultiplier                = 0.680000
character/maxActiveDrones                          = 5.000000
character/negotiationPercentage                    = 1.250000
character/diplomacyBonus                           = 2.000000
character/fastTalkPercentage                       = 125.000000
character/connectionsBonus                         = 2.000000
character/criminalConnectionsBonus                 = 2.000000
character/amarrTechTimePercent                     = 75.000000
character/manufacturingTimeResearchSpeed           = 0.637500
character/copySpeedPercent                         = 0.637500
character/reverseEngineeringChance                 = 100.000000
character/mineralNeedResearchSpeed                 = 0.637500
character/smugglingChance                          = 0.500000
character/droneControlDistance                     = 84000.000000
character/maxLaborotorySlots                       = 11.000000
character/bountyBonus                              = 7500.000000
character/contrabandDetectionChance                = -0.500000
character/maxJumpClones                            = 15.000000
character/posStructureControlAmount                = 5.000000
character/moduleRepairRate                         = 20.000000
character/shipBrokenModuleRepairCostMultiplier     = 0.375000
character/baseDefenderAllyCost                     = 7500000.000000
character/cloneJumpCoolDown                        = 19.000000
character/piTaxReduction                           = 0.500000
character/inventionReverseEngineeringResearchSpeed = 0.850000
character/reactionTimeMultiplier                   = 0.800000
character/reactionSlotLimit                        = 10.000000

low_1-3/type  = Ballistic Control System II
low_1-3/state = online

low_4-5/type             = Drone Damage Amplifier II
low_4-5/state            = online
low_4-5/hp               = 50.000000
low_4-5/damageMultiplier = 2.129542

low_6/type  = Ballistic Control System II
low_6/state = online

low_7/type  = Missile Guidance Enhancer II
low_7/state = online

medium_1/type              = Large Shield Booster II
medium_1/state             = active
medium_1/shieldBoostRate   = 69.000000
medium_1/capacitorPeakLoad = 36.000000
medium_1/cycleTime         = 4000.000000
medium_1/capacitorNeed     = 144.000000
medium_1/heatDamage        = 0.975000

medium_2-3/type                 = Missile Guidance Computer II
medium_2-3/state                = active
medium_2-3/capacitorPeakLoad    = 0.700000
medium_2-3/cycleTime            = 10000.000000
medium_2-3/missileVelocityBonus = 0.000000
medium_2-3/explosionDelayBonus  = 0.000000
medium_2-3/aoeVelocityBonus     = 16.500000
medium_2-3/aoeCloudSizeBonus    = -16.500000
medium_2-3/heatDamage           = 2.475000
medium_2-3/charge/type          = Missile Precision Script

medium_4/type  = Eutectic Compact Cap Recharger
medium_4/state = online
medium_4/cpu   = 6.000000

medium_5/type              = 500MN Quad LiF Restrained Microwarpdrive
medium_5/state             = active
medium_5/capacitorPeakLoad = 24.000000
medium_5/cycleTime         = 10000.000000
medium_5/capacitorNeed     = 240.000000
medium_5/speedFactor       = 631.250000
medium_5/heatDamage        = 6.150000

high_1-6/type                         = Rapid Heavy Missile Launcher II
high_1-6/state                        = active
high_1-6/damageVolley                 = 420.151085
high_1-6/speedWithReload              = 4048.419602
high_1-6/speedOfReload                = 1399.999969
high_1-6/damagePerSecondWithReload    = 103.781506
high_1-6/damagePerSecondWithoutReload = 158.642188
high_1-6/chargeAmount                 = 25.000001
high_1-6/power                        = 1089.000000
high_1-6/cpu                          = 44.250000
high_1-6/speed                        = 2648.419633
high_1-6/heatDamage                   = 1.425000
high_1-6/charge/type                  = Caldari Navy Scourge Heavy Missile
high_1-6/charge/maxVelocity           = 6837.000000
high_1-6/charge/kineticDamage         = 420.151085
high_1-6/charge/explosionDelay        = 10335.000000
high_1-6/charge/aoeVelocity           = 175.652909
high_1-6/charge/aoeCloudSize          = 72.530869

high_7/type              = Auto Targeting System I
high_7/state             = active
high_7/capacitorPeakLoad = 1.600000
high_7/cycleTime         = 5000.000000

high_8/type  = Drone Link Augmentor II
high_8/state = online

rig_1/type     = Large EM Shield Reinforcer II
rig_1/state    = online
rig_1/drawback = 5.000000

rig_2-3/type  = Large Capacitor Control Circuit I
rig_2-3/state = online

dronebay_1-5/type                         = Ogre II
dronebay_1-5/state                        = active
dronebay_1-5/damageVolley                 = 359.807331
dronebay_1-5/speedWithReload              = 4000.000000
dronebay_1-5/damagePerSecondWithoutReload = 89.951833
dronebay_1-5/hp                           = 1200.000000
dronebay_1-5/maxVelocity                  = 1500.000000
dronebay_1-5/maxRange                     = 5250.000000
dronebay_1-5/damageMultiplier             = 5.621990
dronebay_1-5/shieldCapacity               = 300.000000
dronebay_1-5/armorHP                      = 540.000000
