---
source: tests/harness/case.rs
expression: "calculate_fit(eft_fit, skills, edit)"
---
ship/type                                    = Typhoon Fleet Issue
ship/capacitorStablePercentage               = 0.000000
ship/maxTargetsCharacter                     = 0.000000
ship/upgradeFree                             = 125.000000
ship/scanStrength                            = 23.000000
ship/passiveShieldEffectiveRechargeRate      = 12.088611
ship/passiveShieldRechargeRate               = 7.706490
ship/shieldEffectiveBoostRate                = 108.235293
ship/shieldBoostRate                         = 69.000000
ship/velocityBoost                           = 496.395808
ship/ehp                                     = 45834.942561
ship/shieldThermalDamageEffectiveResonance   = 0.200000
ship/shieldKineticDamageEffectiveResonance   = 0.150000
ship/shieldExplosiveDamageEffectiveResonance = 0.125000
ship/shieldEmDamageEffectiveResonance        = 0.162500
ship/hullThermalDamageEffectiveResonance     = 0.167500
ship/hullKineticDamageEffectiveResonance     = 0.167500
ship/hullExplosiveDamageEffectiveResonance   = 0.167500
ship/hullEmDamageEffectiveResonance          = 0.167500
ship/armorThermalDamageEffectiveResonance    = 0.162500
ship/armorKineticDamageEffectiveResonance    = 0.187500
ship/armorExplosiveDamageEffectiveResonance  = 0.225000
ship/armorEmDamageEffectiveResonance         = 0.100000
ship/shieldEhp                               = 16392.156633
ship/hullEhp                                 = 14776.119035
ship/armorEhp                                = 14666.666893
ship/shieldDamageEffectiveResonance          = 0.637500
ship/hullDamageEffectiveResonance            = 0.670000
ship/armorDamageEffectiveResonance           = 0.675000
ship/droneCapacityLoad                       = 125.000000
ship/droneActive                             = 5.000000
ship/droneDamagePerSecond                    = 218.065049
ship/damagePerSecondWithReload               = 472.202763
ship/damagePerSecondWithoutReload            = 564.696919
ship/damageAlpha                             = 1333.372038
ship/powerFree                               = 4313.000000
ship/cpuFree                                 = -253.000000
ship/capacitorDepletesIn                     = 70.000000
ship/capacitorPeakDeltaPercentage            = -323.923748
ship/capacitorPeakDelta                      = -57.308139
ship/capacitorPeakLoad                       = 75.000000
ship/capacitorPeakRecharge                   = 17.691861
ship/alignTime                               = 23.270337
ship/mass                                    = 152600000.000000
ship/powerLoad                               = 8687.000000
ship/maxVelocity                             = 823.026214
ship/cpuLoad                                 = 913.000000
ship/rechargeRate                            = 655668.740526
ship/maxLockedTargets                        = 9.000000
ship/shieldEmDamageResonance                 = 0.650000
ship/capacitorCapacity                       = 4640.000069
ship/shipBonus2AF                            = 0.000000
ship/shipBonusGC                             = 0.000000
ship/shipBonusCC                             = 0.000000
ship/shipBonusMB                             = 0.000000
ship/shipBonusCB                             = 0.000000
ship/shipBonusAB                             = 0.000000
ship/shipBonusMI                             = 0.000000
ship/shipBonusAI                             = 0.000000
ship/shipBonusCI                             = 0.000000
ship/shipBonusGI                             = 0.000000
ship/shipBonusMB2                            = 0.000000
ship/signatureRadius                         = 1912.965117
ship/upgradeLoad                             = 275.000000
ship/droneBandwidthLoad                      = 125.000000
ship/shipBonusUF1                            = 0.000000
ship/shipBonusUF2                            = 0.000000
ship/shipBonusUC1                            = 0.000000
ship/shipBonusUC2                            = 0.000000
ship/shipBonusUB1                            = 0.000000
ship/shipBonusUB2                            = 0.000000
ship/shipBonusOreDestroyer1                  = 0.000000
ship/shipBonusOreDestroyer2                  = 0.000000
ship/shipBonusOreDestroyer3                  = 0.000000
ship/shipBonusSoEECS1                        = 0.000000
ship/shipBonusSoEECS2                        = 0.000000
ship/shipBonusSoEECS3                        = 0.000000
ship/shipBonusSoEECS4                        = 0.000000
ship/shipBonusSoEECS5                        = 0.000000
ship/shipBonusAB3                            = 0.000000

character/missileDamageMultiplier = 1.299583
character/droneControlDistance    = 44000.000000

low_1-3/type  = Ballistic Control System II
low_1-3/state = online

low_4-5/type             = Drone Damage Amplifier II
low_4-5/state            = online
low_4-5/damageMultiplier = 1.419694

low_6/type  = Ballistic Control System II
low_6/state = online

low_7/type  = Missile Guidance Enhancer II
low_7/state = online

medium_1/type              = Large Shield Booster II
medium_1/state             = active
medium_1/shieldBoostRate   = 69.000000
medium_1/capacitorPeakLoad = 40.000000
medium_1/cycleTime         = 4000.000000

medium_2-3/type                 = Missile Guidance Computer II
medium_2-3/state                = active
medium_2-3/capacitorPeakLoad    = 0.700000
medium_2-3/cycleTime            = 10000.000000
medium_2-3/missileVelocityBonus = 0.000000
medium_2-3/explosionDelayBonus  = 0.000000
medium_2-3/aoeVelocityBonus     = 16.500000
medium_2-3/aoeCloudSizeBonus    = -16.500000
medium_2-3/charge/type          = Missile Precision Script

medium_4/type  = Eutectic Compact Cap Recharger
medium_4/state = online

medium_5/type              = 500MN Quad LiF Restrained Microwarpdrive
medium_5/state             = active
medium_5/capacitorPeakLoad = 32.000000
medium_5/cycleTime         = 10000.000000

high_1-6/type                         = Rapid Heavy Missile Launcher II
high_1-6/state                        = active
high_1-6/damageVolley                 = 222.228673
high_1-6/speedWithReload              = 5246.651578
high_1-6/speedOfReload                = 1399.999969
high_1-6/damagePerSecondWithReload    = 42.356286
high_1-6/damagePerSecondWithoutReload = 57.771978
high_1-6/chargeAmount                 = 25.000001
high_1-6/speed                        = 3846.651609
high_1-6/charge/type                  = Caldari Navy Scourge Heavy Missile
high_1-6/charge/maxVelocity           = 4558.000000
high_1-6/charge/kineticDamage         = 222.228673
high_1-6/charge/explosionDelay        = 6890.000000
high_1-6/charge/aoeVelocity           = 117.101939
high_1-6/charge/aoeCloudSize          = 96.707825

high_7/type              = Auto Targeting System I
high_7/state             = active
high_7/capacitorPeakLoad = 1.600000
high_7/cycleTime         = 5000.000000

high_8/type  = Drone Link Augmentor II
high_8/state = online

rig_1/type  = Large EM Shield Reinforcer II
rig_1/state = online

rig_2-3/type  = Large Capacitor Control Circuit I
rig_2-3/state = online

dronebay_1-5/type                         = Ogre II
dronebay_1-5/state                        = active
dronebay_1-5/damageVolley                 = 174.452039
dronebay_1-5/speedWithReload              = 4000.000000
dronebay_1-5/damagePerSecondWithoutReload = 43.613010
dronebay_1-5/damageMultiplier             = 2.725813

ship                                              = resource Cpu 913.000000 of 660.000000
ship                                              = resource LaunchedDrones 5.000000 of 0.000000
ship                                              = skill Minmatar Battleship needs 2 has 0
ship                                              = skill Spaceship Command needs 4 has 0
ship                                              = skill Minmatar Battlecruiser needs 3 has 0
ship                                              = skill Minmatar Cruiser needs 3 has 0
ship                                              = skill Minmatar Destroyer needs 3 has 0
ship                                              = skill Minmatar Frigate needs 3 has 0
low_1/Ballistic Control System II                 = skill Weapon Upgrades needs 4 has 0
low_1/Ballistic Control System II                 = skill Gunnery needs 2 has 0
low_2/Ballistic Control System II                 = skill Weapon Upgrades needs 4 has 0
low_2/Ballistic Control System II                 = skill Gunnery needs 2 has 0
low_3/Ballistic Control System II                 = skill Weapon Upgrades needs 4 has 0
low_3/Ballistic Control System II                 = skill Gunnery needs 2 has 0
low_4/Drone Damage Amplifier II                   = skill Weapon Upgrades needs 4 has 0
low_4/Drone Damage Amplifier II                   = skill Drones needs 4 has 0
low_4/Drone Damage Amplifier II                   = skill Gunnery needs 2 has 0
low_5/Drone Damage Amplifier II                   = skill Weapon Upgrades needs 4 has 0
low_5/Drone Damage Amplifier II                   = skill Drones needs 4 has 0
low_5/Drone Damage Amplifier II                   = skill Gunnery needs 2 has 0
low_6/Ballistic Control System II                 = skill Weapon Upgrades needs 4 has 0
low_6/Ballistic Control System II                 = skill Gunnery needs 2 has 0
low_7/Missile Guidance Enhancer II                = skill Weapon Upgrades needs 4 has 0
low_7/Missile Guidance Enhancer II                = skill Gunnery needs 2 has 0
medium_1/Large Shield Booster II                  = skill Shield Operation needs 4 has 0
medium_1/Large Shield Booster II                  = skill Power Grid Management needs 1 has 0
medium_2/Missile Guidance Computer II             = skill Missile Bombardment needs 4 has 0
medium_2/Missile Guidance Computer II             = skill Missile Launcher Operation needs 1 has 0
medium_3/Missile Guidance Computer II             = skill Missile Bombardment needs 4 has 0
medium_3/Missile Guidance Computer II             = skill Missile Launcher Operation needs 1 has 0
medium_4/Eutectic Compact Cap Recharger           = skill Energy Grid Upgrades needs 2 has 0
medium_4/Eutectic Compact Cap Recharger           = skill Power Grid Management needs 2 has 0
medium_4/Eutectic Compact Cap Recharger           = skill Science needs 1 has 0
medium_5/500MN Quad LiF Restrained Microwarpdrive = skill High Speed Maneuvering needs 1 has 0
medium_5/500MN Quad LiF Restrained Microwarpdrive = skill Navigation needs 3 has 0
medium_5/500MN Quad LiF Restrained Microwarpdrive = skill Afterburner needs 3 has 0
high_1/Rapid Heavy Missile Launcher II            = skill Missile Launcher Operation needs 3 has 0
high_1/Rapid Heavy Missile Launcher II            = skill Heavy Missile Specialization needs 1 has 0
high_1/Rapid Heavy Missile Launcher II            = skill Heavy Missiles needs 5 has 0
high_1/Rapid Heavy Missile Launcher II            = skill Light Missiles needs 3 has 0
high_1/charge/Caldari Navy Scourge Heavy Missile  = skill Heavy Missiles needs 1 has 0
high_1/charge/Caldari Navy Scourge Heavy Missile  = skill Missile Launcher Operation needs 3 has 0
high_1/charge/Caldari Navy Scourge Heavy Missile  = skill Light Missiles needs 3 has 0
high_2/Rapid Heavy Missile Launcher II            = skill Missile Launcher Operation needs 3 has 0
high_2/Rapid Heavy Missile Launcher II            = skill Heavy Missile Specialization needs 1 has 0
high_2/Rapid Heavy Missile Launcher II            = skill Heavy Missiles needs 5 has 0
high_2/Rapid Heavy Missile Launcher II            = skill Light Missiles needs 3 has 0
high_2/charge/Caldari Navy Scourge Heavy Missile  = skill Heavy Missiles needs 1 has 0
high_2/charge/Caldari Navy Scourge Heavy Missile  = skill Missile Launcher Operation needs 3 has 0
high_2/charge/Caldari Navy Scourge Heavy Missile  = skill Light Missiles needs 3 has 0
high_3/Rapid Heavy Missile Launcher II            = skill Missile Launcher Operation needs 3 has 0
high_3/Rapid Heavy Missile Launcher II            = skill Heavy Missile Specialization needs 1 has 0
high_3/Rapid Heavy Missile Launcher II            = skill Heavy Missiles needs 5 has 0
high_3/Rapid Heavy Missile Launcher II            = skill Light Missiles needs 3 has 0
high_3/charge/Caldari Navy Scourge Heavy Missile  = skill Heavy Missiles needs 1 has 0
high_3/charge/Caldari Navy Scourge Heavy Missile  = skill Missile Launcher Operation needs 3 has 0
high_3/charge/Caldari Navy Scourge Heavy Missile  = skill Light Missiles needs 3 has 0
high_4/Rapid Heavy Missile Launcher II            = skill Missile Launcher Operation needs 3 has 0
high_4/Rapid Heavy Missile Launcher II            = skill Heavy Missile Specialization needs 1 has 0
high_4/Rapid Heavy Missile Launcher II            = skill Heavy Missiles needs 5 has 0
high_4/Rapid Heavy Missile Launcher II            = skill Light Missiles needs 3 has 0
high_4/charge/Caldari Navy Scourge Heavy Missile  = skill Heavy Missiles needs 1 has 0
high_4/charge/Caldari Navy Scourge Heavy Missile  = skill Missile Launcher Operation needs 3 has 0
high_4/charge/Caldari Navy Scourge Heavy Missile  = skill Light Missiles needs 3 has 0
high_5/Rapid Heavy Missile Launcher II            = skill Missile Launcher Operation needs 3 has 0
high_5/Rapid Heavy Missile Launcher II            = skill Heavy Missile Specialization needs 1 has 0
high_5/Rapid Heavy Missile Launcher II            = skill Heavy Missiles needs 5 has 0
high_5/Rapid Heavy Missile Launcher II            = skill Light Missiles needs 3 has 0
high_5/charge/Caldari Navy Scourge Heavy Missile  = skill Heavy Missiles needs 1 has 0
high_5/charge/Caldari Navy Scourge Heavy Missile  = skill Missile Launcher Operation needs 3 has 0
high_5/charge/Caldari Navy Scourge Heavy Missile  = skill Light Missiles needs 3 has 0
high_6/Rapid Heavy Missile Launcher II            = skill Missile Launcher Operation needs 3 has 0
high_6/Rapid Heavy Missile Launcher II            = skill Heavy Missile Specialization needs 1 has 0
high_6/Rapid Heavy Missile Launcher II            = skill Heavy Missiles needs 5 has 0
high_6/Rapid Heavy Missile Launcher II            = skill Light Missiles needs 3 has 0
high_6/charge/Caldari Navy Scourge Heavy Missile  = skill Heavy Missiles needs 1 has 0
high_6/charge/Caldari Navy Scourge Heavy Missile  = skill Missile Launcher Operation needs 3 has 0
high_6/charge/Caldari Navy Scourge Heavy Missile  = skill Light Missiles needs 3 has 0
high_7/Auto Targeting System I                    = skill Target Management needs 1 has 0
high_7/Auto Targeting System I                    = skill CPU Management needs 1 has 0
high_8/Drone Link Augmentor II                    = skill Drone Avionics needs 5 has 0
high_8/Drone Link Augmentor II                    = skill Drones needs 1 has 0
dronebay/Ogre II                                  = skill Heavy Drone Operation needs 5 has 0
dronebay/Ogre II                                  = skill Gallente Drone Specialization needs 1 has 0
dronebay/Ogre II                                  = skill Drones needs 5 has 0
