---
source: tests/harness/case.rs
expression: "calculate_fit(eft_fit, skills)"
---
capacitor/capacity             = 437.000000
capacitor/depletes_in          = -1.000000
capacitor/peak                 = 3.028112
capacitor/percentage           = 43.085714
capacitor/recharge             = 155.625000
capacitor/stable               = true
cpu/capacity                   = 400.000000
cpu/free                       = 230.000000
defense/armor/hp               = 1250.000000
defense/armor/resist/em        = 59.999999
defense/armor/resist/expl      = 10.000002
defense/armor/resist/kin       = 25.000000
defense/armor/resist/therm     = 35.000002
defense/ehp                    = 18634.066498
defense/recharge/armor         = 0.000000
defense/recharge/hull          = 0.000000
defense/recharge/passive       = 32.933333
defense/recharge/shield        = 0.000000
defense/shield/hp              = 6175.000000
defense/shield/recharge        = 468.750000
defense/shield/resist/em       = 53.526000
defense/shield/resist/expl     = 62.500000
defense/shield/resist/kin      = 54.999998
defense/shield/resist/therm    = 62.820799
defense/structure/hp           = 1283.998967
defense/structure/resist/em    = 32.999998
defense/structure/resist/expl  = 32.999998
defense/structure/resist/kin   = 32.999998
defense/structure/resist/therm = 32.999998
drones/active                  = 0.000000
drones/bandwidth               = 0.000000
drones/bandwidth_load          = 0.000000
drones/capacity                = 0.000000
drones/capacity_load           = 0.000000
drones/dps                     = 0.000000
drones/range                   = 60.000000
navigation/agility             = 0.271027
navigation/align_time          = 3.757233
navigation/mass                = 10000.000000
navigation/speed               = 108.618128
navigation/warp_speed          = 7.140462
offense/alpha                  = 0.000000
offense/dps                    = 0.000000
offense/dps_with_reload        = 0.000000
offense/drone_dps              = 0.000000
power/capacity                 = 250.000000
power/free                     = 22.500000
slots/hi_1                     = empty
slots/hi_2                     = empty
slots/hi_3                     = empty
slots/hi_4                     = empty
slots/hi_5                     = empty
slots/hi_6                     = empty
slots/hi_7                     = empty
slots/hi_8                     = empty
slots/lo_1                     = online
slots/lo_2                     = online
slots/lo_3                     = online
slots/lo_4                     = online
slots/lo_5                     = online
slots/lo_6                     = empty
slots/lo_7                     = empty
slots/lo_8                     = empty
slots/med_1                    = online
slots/med_2                    = online
slots/med_3                    = active
slots/med_4                    = online
slots/med_5                    = online
slots/med_6                    = empty
slots/med_7                    = empty
slots/med_8                    = empty
targeting/lock_range           = 43.750000
targeting/max_locked_targets   = 2.000000
targeting/scan_resolution      = 118.750000
targeting/sensor_strength      = 8.400000
targeting/signature_radius     = 261.422821
