---
source: tests/harness/case.rs
expression: "calculate_fit(eft_fit, skills)"
---
capacitor/capacity             = 10000.000000
capacitor/depletes_in          = -1.000000
capacitor/peak                 = 15.661111
capacitor/percentage           = 56.380000
capacitor/recharge             = 900.000000
capacitor/stable               = true
cpu/capacity                   = 589.445312
cpu/free                       = 36.445312
defense/armor/hp               = 8750.000000
defense/armor/resist/em        = 57.499999
defense/armor/resist/expl      = 23.500000
defense/armor/resist/kin       = 44.750000
defense/armor/resist/therm     = 44.750000
defense/ehp                    = 314456.430770
defense/recharge/armor         = 0.000000
defense/recharge/hull          = 0.000000
defense/recharge/passive       = 20.833333
defense/recharge/shield        = 0.000000
defense/shield/hp              = 37500.000000
defense/shield/recharge        = 4500.000000
defense/shield/resist/em       = 40.937500
defense/shield/resist/expl     = 70.468750
defense/shield/resist/kin      = 86.250216
defense/shield/resist/therm    = 81.666955
defense/structure/hp           = 70312.500000
defense/structure/resist/em    = 59.799997
defense/structure/resist/expl  = 59.799997
defense/structure/resist/kin   = 59.799997
defense/structure/resist/therm = 59.799997
drones/active                  = 5.000000
drones/bandwidth               = 50.000000
drones/bandwidth_load          = 25.000000
drones/capacity                = 200.000000
drones/capacity_load           = 25.000000
drones/dps                     = 0.000000
drones/range                   = 60.000000
navigation/agility             = 0.141750
navigation/align_time          = 294.760844
navigation/mass                = 1500000.000000
navigation/speed               = 0.000000
navigation/warp_speed          = 2.500000
offense/alpha                  = 0.000000
offense/dps                    = 0.000000
offense/dps_with_reload        = 0.000000
offense/drone_dps              = 0.000000
power/capacity                 = 1500.000000
power/free                     = 956.000000
slots/hi_1                     = active
slots/hi_2                     = active
slots/hi_3                     = active
slots/hi_4                     = active
slots/hi_5                     = active
slots/hi_6                     = active
slots/hi_7                     = empty
slots/hi_8                     = empty
slots/lo_1                     = online
slots/lo_2                     = online
slots/lo_3                     = empty
slots/lo_4                     = empty
slots/lo_5                     = empty
slots/lo_6                     = empty
slots/lo_7                     = empty
slots/lo_8                     = empty
slots/med_1                    = online
slots/med_2                    = online
slots/med_3                    = active
slots/med_4                    = active
slots/med_5                    = active
slots/med_6                    = empty
slots/med_7                    = empty
slots/med_8                    = empty
targeting/lock_range           = 87.500000
targeting/max_locked_targets   = 7.000000
targeting/scan_resolution      = 93.750000
targeting/sensor_strength      = 36.000000
targeting/signature_radius     = 1000.000000
