---
source: tests/harness/case.rs
expression: "calculate_fit(eft_fit, skills)"
---
capacitor/capacity             = 5800.000000
capacitor/depletes_in          = 60.000000
capacitor/peak                 = -82.762092
capacitor/percentage           = -658.672098
capacitor/recharge             = 1154.000000
capacitor/stable               = false
cpu/capacity                   = 600.000000
cpu/free                       = -198.000000
defense/armor/hp               = 10175.000000
defense/armor/resist/em        = 59.999999
defense/armor/resist/expl      = 10.000002
defense/armor/resist/kin       = 25.000000
defense/armor/resist/therm     = 35.000002
defense/ehp                    = 61823.696255
defense/recharge/armor         = 0.000000
defense/recharge/hull          = 0.000000
defense/recharge/passive       = 10.252000
defense/recharge/shield        = 184.750000
defense/shield/hp              = 10252.000000
defense/shield/recharge        = 2500.000000
defense/shield/resist/em       = 57.392711
defense/shield/resist/expl     = 78.696356
defense/shield/resist/kin      = 74.435626
defense/shield/resist/therm    = 65.914168
defense/structure/hp           = 9086.000000
defense/structure/resist/em    = 32.999998
defense/structure/resist/expl  = 32.999998
defense/structure/resist/kin   = 32.999998
defense/structure/resist/therm = 32.999998
drones/active                  = 5.000000
drones/bandwidth               = 100.000000
drones/bandwidth_load          = 25.000000
drones/capacity                = 125.000000
drones/capacity_load           = 25.000000
drones/dps                     = 38.999999
drones/range                   = 20.000000
navigation/agility             = 0.096000
navigation/align_time          = 19.254631
navigation/mass                = 144680.000000
navigation/speed               = 1028.984516
navigation/warp_speed          = 6.519937
offense/alpha                  = 1651.362273
offense/dps                    = 409.623223
offense/dps_with_reload        = 407.898356
offense/drone_dps              = 38.999999
power/capacity                 = 17950.000000
power/free                     = -391.000000
slots/hi_1                     = active
slots/hi_2                     = active
slots/hi_3                     = active
slots/hi_4                     = active
slots/hi_5                     = active
slots/hi_6                     = active
slots/hi_7                     = active
slots/hi_8                     = active
slots/lo_1                     = online
slots/lo_2                     = online
slots/lo_3                     = online
slots/lo_4                     = online
slots/lo_5                     = online
slots/lo_6                     = online
slots/lo_7                     = empty
slots/lo_8                     = empty
slots/med_1                    = active
slots/med_2                    = active
slots/med_3                    = active
slots/med_4                    = active
slots/med_5                    = active
slots/med_6                    = active
slots/med_7                    = empty
slots/med_8                    = empty
targeting/lock_range           = 90.000000
targeting/max_locked_targets   = 7.000000
targeting/scan_resolution      = 163.000000
targeting/sensor_strength      = 26.000000
targeting/signature_radius     = 4327.271289
