---
source: tests/harness/case.rs
expression: "calculate_fit(eft_fit, skills)"
---
capacitor/capacity             = 1125.000000
capacitor/depletes_in          = 42.000000
capacitor/peak                 = -20.478070
capacitor/percentage           = -233.450000
capacitor/recharge             = 320.625000
capacitor/stable               = false
cpu/capacity                   = 425.000000
cpu/free                       = 40.000000
defense/armor/hp               = 1543.750000
defense/armor/resist/em        = 65.999999
defense/armor/resist/expl      = 23.500000
defense/armor/resist/kin       = 36.249998
defense/armor/resist/therm     = 44.750000
defense/ehp                    = 21677.974810
defense/recharge/armor         = 0.000000
defense/recharge/hull          = 0.000000
defense/recharge/passive       = 22.666667
defense/recharge/shield        = 0.000000
defense/shield/hp              = 8500.000000
defense/shield/recharge        = 937.500000
defense/shield/resist/em       = 38.750000
defense/shield/resist/expl     = 56.250000
defense/shield/resist/kin      = 47.499998
defense/shield/resist/therm    = 29.999999
defense/structure/hp           = 1625.000000
defense/structure/resist/em    = 59.799997
defense/structure/resist/expl  = 59.799997
defense/structure/resist/kin   = 59.799997
defense/structure/resist/therm = 59.799997
drones/active                  = 5.000000
drones/bandwidth               = 25.000000
drones/bandwidth_load          = 25.000000
drones/capacity                = 25.000000
drones/capacity_load           = 25.000000
drones/dps                     = 86.624997
drones/range                   = 60.000000
navigation/agility             = 0.306787
navigation/align_time          = 6.974884
navigation/mass                = 16400.000000
navigation/speed               = 2590.489378
navigation/warp_speed          = 4.000000
offense/alpha                  = 461.172640
offense/dps                    = 361.564632
offense/dps_with_reload        = 351.688130
offense/drone_dps              = 86.624997
power/capacity                 = 983.125000
power/free                     = 9.125000
slots/hi_1                     = active
slots/hi_2                     = active
slots/hi_3                     = active
slots/hi_4                     = active
slots/hi_5                     = active
slots/hi_6                     = active
slots/hi_7                     = empty
slots/hi_8                     = empty
slots/lo_1                     = online
slots/lo_2                     = online
slots/lo_3                     = online
slots/lo_4                     = online
slots/lo_5                     = empty
slots/lo_6                     = empty
slots/lo_7                     = empty
slots/lo_8                     = empty
slots/med_1                    = active
slots/med_2                    = online
slots/med_3                    = online
slots/med_4                    = active
slots/med_5                    = empty
slots/med_6                    = empty
slots/med_7                    = empty
slots/med_8                    = empty
targeting/lock_range           = 59.375000
targeting/max_locked_targets   = 5.000000
targeting/scan_resolution      = 400.000000
targeting/sensor_strength      = 15.600000
targeting/signature_radius     = 939.110399
