---
source: tests/harness/case.rs
expression: "calculate_fit(eft_fit, skills, edit)"
---
ship/type                                    = Stabber
ship/upgradeFree                             = 150.000000
ship/scanStrength                            = 15.600000
ship/passiveShieldEffectiveRechargeRate      = 39.853479
ship/passiveShieldRechargeRate               = 22.666667
ship/velocityBoost                           = 577.362805
ship/ehp                                     = 21677.974810
ship/shieldThermalDamageEffectiveResonance   = 0.175000
ship/shieldKineticDamageEffectiveResonance   = 0.131250
ship/shieldExplosiveDamageEffectiveResonance = 0.109375
ship/shieldEmDamageEffectiveResonance        = 0.153125
ship/hullThermalDamageEffectiveResonance     = 0.100500
ship/hullKineticDamageEffectiveResonance     = 0.100500
ship/hullExplosiveDamageEffectiveResonance   = 0.100500
ship/hullEmDamageEffectiveResonance          = 0.100500
ship/armorThermalDamageEffectiveResonance    = 0.138125
ship/armorKineticDamageEffectiveResonance    = 0.159375
ship/armorExplosiveDamageEffectiveResonance  = 0.191250
ship/armorEmDamageEffectiveResonance         = 0.085000
ship/shieldEhp                               = 14945.054739
ship/hullEhp                                 = 4042.288296
ship/armorEhp                                = 2690.631774
ship/shieldDamageEffectiveResonance          = 0.568750
ship/hullDamageEffectiveResonance            = 0.402000
ship/armorDamageEffectiveResonance           = 0.573750
ship/droneCapacityLoad                       = 25.000000
ship/droneActive                             = 5.000000
ship/droneDamagePerSecond                    = 86.624997
ship/damagePerSecondWithReload               = 351.688130
ship/damagePerSecondWithoutReload            = 361.564632
ship/damageAlpha                             = 461.172640
ship/powerFree                               = 9.125000
ship/cpuFree                                 = 40.000000
ship/capacitorDepletesIn                     = 42.000000
ship/capacitorPeakDeltaPercentage            = -233.450000
ship/capacitorPeakDelta                      = -20.478070
ship/capacitorPeakLoad                       = 29.250000
ship/capacitorPeakRecharge                   = 8.771930
ship/alignTime                               = 6.974884
ship/mass                                    = 16400000.000000
ship/hp                                      = 1625.000000
ship/powerOutput                             = 983.125000
ship/powerLoad                               = 974.000000
ship/maxVelocity                             = 2590.489378
ship/cpuOutput                               = 425.000000
ship/cpuLoad                                 = 385.000000
ship/rechargeRate                            = 320625.000000
ship/agility                                 = 0.306787
ship/maxTargetRange                          = 59375.000000
ship/scanSpeed                               = 3375.000000
ship/kineticDamageResonance                  = 0.402000
ship/thermalDamageResonance                  = 0.402000
ship/explosiveDamageResonance                = 0.402000
ship/emDamageResonance                       = 0.402000
ship/warpCapacitorNeed                       = 0.000000
ship/scanLadarStrength                       = 15.600000
ship/shieldCapacity                          = 8500.000000
ship/armorHP                                 = 1543.750000
ship/armorEmDamageResonance                  = 0.340000
ship/armorExplosiveDamageResonance           = 0.765000
ship/armorKineticDamageResonance             = 0.637500
ship/armorThermalDamageResonance             = 0.552500
ship/shieldEmDamageResonance                 = 0.612500
ship/shieldExplosiveDamageResonance          = 0.437500
ship/shieldKineticDamageResonance            = 0.525000
ship/shieldThermalDamageResonance            = 0.700000
ship/maxResearchGangSize                     = 30.000000
ship/shieldRechargeRate                      = 937500.000000
ship/capacitorCapacity                       = 1125.000000
ship/shieldUniformity                        = 1.000000
ship/shipBonus2AF                            = 25.000000
ship/shipBonusGC                             = 25.000000
ship/shipBonusCC                             = 25.000000
ship/shipBonusMC                             = -37.500000
ship/shipBonusMB                             = 25.000000
ship/shipBonusCB                             = 25.000000
ship/shipBonusAB                             = 25.000000
ship/shipBonusMI                             = 25.000000
ship/shipBonusAI                             = 25.000000
ship/shipBonusCI                             = 25.000000
ship/shipBonusGI                             = 25.000000
ship/signatureRadius                         = 939.110399
ship/scanResolution                          = 400.000000
ship/shipBonusMC2                            = 50.000000
ship/advancedAgility                         = 0.750000
ship/jumpDriveConsumptionAmount              = 1000.000000
ship/advancedCapitalAgility                  = 0.750000
ship/jumpDriveCapacitorNeed                  = 0.750000
ship/upgradeLoad                             = 250.000000
ship/droneBandwidthLoad                      = 25.000000
ship/shipBonusUF1                            = 5.000000
ship/shipBonusUF2                            = 5.000000
ship/shipBonusUC1                            = 5.000000
ship/shipBonusUC2                            = 5.000000
ship/shipBonusUB1                            = 5.000000
ship/shipBonusUB2                            = 5.000000
ship/conduitPassengerBonusModAdd             = 25.000000
ship/shipBonusOreDestroyer1                  = 25.000000
ship/shipBonusOreDestroyer2                  = 25.000000
ship/shipBonusOreDestroyer3                  = 25.000000
ship/shipBonusSoEECS1                        = 25.000000
ship/shipBonusSoEECS2                        = 25.000000
ship/shipBonusSoEECS3                        = 25.000000
ship/shipBonusSoEECS4                        = 25.000000
ship/shipBonusSoEECS5                        = 25.000000
ship/shipBonusAB3                            = 25.000000

character/corporationMemberLimit                   = 12600.000000
character/maxLockedTargets                         = 25.000000
character/manufactureSlotLimit                     = 15.000000
character/manufactureTimeMultiplier                = 0.680000
character/maxActiveDrones                          = 5.000000
character/negotiationPercentage                    = 1.250000
character/diplomacyBonus                           = 2.000000
character/fastTalkPercentage                       = 125.000000
character/connectionsBonus                         = 2.000000
character/criminalConnectionsBonus                 = 2.000000
character/amarrTechTimePercent                     = 75.000000
character/manufacturingTimeResearchSpeed           = 0.637500
character/copySpeedPercent                         = 0.637500
character/reverseEngineeringChance                 = 100.000000
character/mineralNeedResearchSpeed                 = 0.637500
character/smugglingChance                          = 0.500000
character/droneControlDistance                     = 60000.000000
character/maxLaborotorySlots                       = 11.000000
character/bountyBonus                              = 7500.000000
character/contrabandDetectionChance                = -0.500000
character/maxJumpClones                            = 15.000000
character/posStructureControlAmount                = 5.000000
character/moduleRepairRate                         = 20.000000
character/shipBrokenModuleRepairCostMultiplier     = 0.375000
character/baseDefenderAllyCost                     = 7500000.000000
character/cloneJumpCoolDown                        = 19.000000
character/piTaxReduction                           = 0.500000
character/inventionReverseEngineeringResearchSpeed = 0.850000
character/reactionTimeMultiplier                   = 0.800000
character/reactionSlotLimit                        = 10.000000

outgoing_effect_1/type                  = Warp Disruptor II
outgoing_effect_1/effect                = warpDisrupt
outgoing_effect_1/maxRange              = 24000.000000
outgoing_effect_1/warpScrambleStrength  = 1.000000
outgoing_effect_2/type                  = Medium Infectious Scoped Energy Neutralizer
outgoing_effect_2/effect                = capacitorPeakLoadTaken
outgoing_effect_2/capacitorTransferRate = 13.750000
outgoing_effect_2/maxRange              = 9000.000000
outgoing_effect_2/falloffEffectiveness  = 4500.000000
outgoing_effect_3/type                  = Small Infectious Scoped Energy Neutralizer
outgoing_effect_3/effect                = capacitorPeakLoadTaken
outgoing_effect_3/capacitorTransferRate = 8.333333
outgoing_effect_3/maxRange              = 4500.000000
outgoing_effect_3/falloffEffectiveness  = 2250.000000

low_1/type  = Tracking Enhancer II
low_1/state = online

low_2/type  = Damage Control II
low_2/state = online

low_3-4/type  = Gyrostabilizer II
low_3-4/state = online

medium_1/type              = 50MN Cold-Gas Enduring Microwarpdrive
medium_1/state             = active
medium_1/capacitorPeakLoad = 9.750000
medium_1/cycleTime         = 10000.000000
medium_1/capacitorNeed     = 97.500000
medium_1/speedFactor       = 631.250000
medium_1/heatDamage        = 8.550000

medium_2-3/type  = Large Shield Extender II
medium_2-3/state = online
medium_2-3/power = 120.000000

medium_4/type              = Warp Disruptor II
medium_4/state             = active
medium_4/capacitorPeakLoad = 4.500000
medium_4/cycleTime         = 5000.000000
medium_4/capacitorNeed     = 22.500000
medium_4/heatDamage        = 3.750000

high_1-2/type                         = 220mm Vulcan AutoCannon II
high_1-2/state                        = active
high_1-2/damageVolley                 = 115.293160
high_1-2/speedWithReload              = 1739.859614
high_1-2/speedOfReload                = 62.500001
high_1-2/damagePerSecondWithReload    = 66.265783
high_1-2/damagePerSecondWithoutReload = 68.734909
high_1-2/chargeAmount                 = 159.999998
high_1-2/cycleTime                    = 1677.359613
high_1-2/power                        = 99.000000
high_1-2/cpu                          = 16.500000
high_1-2/speed                        = 1677.359613
high_1-2/maxRange                     = 2970.000000
high_1-2/damageMultiplier             = 5.240598
high_1-2/falloff                      = 33523.875000
high_1-2/trackingSpeed                = 39.893042
high_1-2/barrageDmgMultiplier         = 5.240598
high_1-2/barrageFalloff               = 33523.875000
high_1-2/heatDamage                   = 0.525000
high_1-2/charge/type                  = Barrage M
high_1-2/charge/damageMultiplier      = 1.100000

high_3/type                  = Medium Infectious Scoped Energy Neutralizer
high_3/state                 = active
high_3/capacitorTransferRate = 13.750000
high_3/capacitorPeakLoad     = 9.375000
high_3/cycleTime             = 12000.000000
high_3/capacitorNeed         = 112.500000
high_3/heatDamage            = 2.400000

high_4/type                  = Small Infectious Scoped Energy Neutralizer
high_4/state                 = active
high_4/capacitorTransferRate = 8.333333
high_4/capacitorPeakLoad     = 5.625000
high_4/cycleTime             = 6000.000000
high_4/capacitorNeed         = 33.750000
high_4/heatDamage            = 1.950000

high_5-6/type                         = 220mm Vulcan AutoCannon II
high_5-6/state                        = active
high_5-6/damageVolley                 = 115.293160
high_5-6/speedWithReload              = 1739.859614
high_5-6/speedOfReload                = 62.500001
high_5-6/damagePerSecondWithReload    = 66.265783
high_5-6/damagePerSecondWithoutReload = 68.734909
high_5-6/chargeAmount                 = 159.999998
high_5-6/cycleTime                    = 1677.359613
high_5-6/power                        = 99.000000
high_5-6/cpu                          = 16.500000
high_5-6/speed                        = 1677.359613
high_5-6/maxRange                     = 2970.000000
high_5-6/damageMultiplier             = 5.240598
high_5-6/falloff                      = 33523.875000
high_5-6/trackingSpeed                = 39.893042
high_5-6/barrageDmgMultiplier         = 5.240598
high_5-6/barrageFalloff               = 33523.875000
high_5-6/heatDamage                   = 0.525000
high_5-6/charge/type                  = Barrage M
high_5-6/charge/damageMultiplier      = 1.100000

rig_1/type  = Medium Ancillary Current Router I
rig_1/state = online

rig_2/type     = Medium EM Shield Reinforcer I
rig_2/state    = online
rig_2/drawback = 5.000000

rig_3/type     = Medium Polycarbon Engine Housing I
rig_3/state    = online
rig_3/drawback = -5.000000

dronebay_1-5/type                         = Acolyte II
dronebay_1-5/state                        = active
dronebay_1-5/damageVolley                 = 69.299998
dronebay_1-5/speedWithReload              = 4000.000000
dronebay_1-5/damagePerSecondWithoutReload = 17.324999
dronebay_1-5/hp                           = 255.000000
dronebay_1-5/maxVelocity                  = 5775.000000
dronebay_1-5/maxRange                     = 3000.000000
dronebay_1-5/damageMultiplier             = 3.465000
dronebay_1-5/shieldCapacity               = 60.000000
dronebay_1-5/armorHP                      = 285.000000
