---
source: tests/harness/case.rs
expression: "calculate_fit(eft_fit, skills)"
---
capacitor/capacity             = 3381.000000
capacitor/depletes_in          = 144.000000
capacitor/peak                 = -16.147059
capacitor/percentage           = -60.887246
capacitor/recharge             = 318.750000
capacitor/stable               = false
cpu/capacity                   = 437.500000
cpu/free                       = 125.500000
defense/armor/hp               = 2250.000000
defense/armor/resist/em        = 64.999999
defense/armor/resist/expl      = 21.250002
defense/armor/resist/kin       = 34.375000
defense/armor/resist/therm     = 43.125002
defense/ehp                    = 12565.135215
defense/recharge/armor         = 0.000000
defense/recharge/hull          = 0.000000
defense/recharge/passive       = 5.000000
defense/recharge/shield        = 59.500000
defense/shield/hp              = 1875.000000
defense/shield/recharge        = 937.500000
defense/shield/resist/em       = 52.878823
defense/shield/resist/expl     = 68.050001
defense/shield/resist/kin      = 61.659999
defense/shield/resist/therm    = 48.880001
defense/structure/hp           = 1875.000000
defense/structure/resist/em    = 56.450001
defense/structure/resist/expl  = 56.450001
defense/structure/resist/kin   = 56.450001
defense/structure/resist/therm = 56.450001
drones/active                  = 5.000000
drones/bandwidth               = 40.000000
drones/bandwidth_load          = 25.000000
drones/capacity                = 40.000000
drones/capacity_load           = 25.000000
drones/dps                     = 65.624999
drones/range                   = 60.000000
navigation/agility             = 0.337500
navigation/align_time          = 8.047439
navigation/mass                = 17200.000000
navigation/speed               = 620.194404
navigation/warp_speed          = 4.000000
offense/alpha                  = 763.799886
offense/dps                    = 370.216106
offense/dps_with_reload        = 362.809091
offense/drone_dps              = 65.624999
power/capacity                 = 1075.000000
power/free                     = 167.100000
slots/hi_1                     = active
slots/hi_2                     = active
slots/hi_3                     = active
slots/hi_4                     = active
slots/hi_5                     = empty
slots/hi_6                     = empty
slots/hi_7                     = empty
slots/hi_8                     = empty
slots/lo_1                     = online
slots/lo_2                     = online
slots/lo_3                     = online
slots/lo_4                     = online
slots/lo_5                     = online
slots/lo_6                     = empty
slots/lo_7                     = empty
slots/lo_8                     = empty
slots/med_1                    = active
slots/med_2                    = active
slots/med_3                    = active
slots/med_4                    = online
slots/med_5                    = empty
slots/med_6                    = empty
slots/med_7                    = empty
slots/med_8                    = empty
targeting/lock_range           = 62.500000
targeting/max_locked_targets   = 6.000000
targeting/scan_resolution      = 362.500000
targeting/sensor_strength      = 18.000000
targeting/signature_radius     = 131.250000
