---
source: tests/harness/case.rs
expression: "calculate_fit(eft_fit, skills, edit)"
---
ship/type                                    = Machariel
ship/capacitorStablePercentage               = 0.000000
ship/maxTargetsCharacter                     = 0.000000
ship/upgradeFree                             = 125.000000
ship/scanStrength                            = 26.000000
ship/passiveShieldEffectiveRechargeRate      = 33.188428
ship/passiveShieldRechargeRate               = 10.252000
ship/shieldEffectiveBoostRate                = 598.084483
ship/shieldBoostRate                         = 184.750000
ship/velocityBoost                           = 539.120817
ship/ehp                                     = 61823.696255
ship/shieldThermalDamageEffectiveResonance   = 0.085215
ship/shieldKineticDamageEffectiveResonance   = 0.063911
ship/shieldExplosiveDamageEffectiveResonance = 0.053259
ship/shieldEmDamageEffectiveResonance        = 0.106518
ship/hullThermalDamageEffectiveResonance     = 0.167500
ship/hullKineticDamageEffectiveResonance     = 0.167500
ship/hullExplosiveDamageEffectiveResonance   = 0.167500
ship/hullEmDamageEffectiveResonance          = 0.167500
ship/armorThermalDamageEffectiveResonance    = 0.162500
ship/armorKineticDamageEffectiveResonance    = 0.187500
ship/armorExplosiveDamageEffectiveResonance  = 0.225000
ship/armorEmDamageEffectiveResonance         = 0.100000
ship/shieldEhp                               = 33188.428256
ship/hullEhp                                 = 13561.193692
ship/armorEhp                                = 15074.074307
ship/shieldDamageEffectiveResonance          = 0.308903
ship/hullDamageEffectiveResonance            = 0.670000
ship/armorDamageEffectiveResonance           = 0.675000
ship/droneCapacityLoad                       = 25.000000
ship/droneActive                             = 5.000000
ship/droneDamagePerSecond                    = 38.999999
ship/damagePerSecondWithReload               = 407.898356
ship/damagePerSecondWithoutReload            = 409.623223
ship/damageAlpha                             = 1651.362273
ship/powerFree                               = -391.000000
ship/cpuFree                                 = -198.000000
ship/capacitorDepletesIn                     = 60.000000
ship/capacitorPeakDeltaPercentage            = -658.672098
ship/capacitorPeakDelta                      = -82.762092
ship/capacitorPeakLoad                       = 95.327083
ship/capacitorPeakRecharge                   = 12.564991
ship/alignTime                               = 19.254631
ship/mass                                    = 144680000.000000
ship/powerLoad                               = 18341.000000
ship/maxVelocity                             = 1028.984516
ship/cpuLoad                                 = 798.000000
ship/shieldEmDamageResonance                 = 0.426073
ship/shieldExplosiveDamageResonance          = 0.213036
ship/shieldKineticDamageResonance            = 0.255644
ship/shieldThermalDamageResonance            = 0.340858
ship/shipBonus2AF                            = 0.000000
ship/shipBonusGC                             = 0.000000
ship/shipBonusCC                             = 0.000000
ship/shipBonusMB                             = 0.000000
ship/shipBonusCB                             = 0.000000
ship/shipBonusAB                             = 0.000000
ship/shipBonusMI                             = 0.000000
ship/shipBonusAI                             = 0.000000
ship/shipBonusCI                             = 0.000000
ship/shipBonusGI                             = 0.000000
ship/shipBonusGB                             = 0.000000
ship/signatureRadius                         = 4327.271289
ship/warpSpeedMultiplier                     = 6.519937
ship/upgradeLoad                             = 225.000000
ship/droneBandwidthLoad                      = 25.000000
ship/shipBonusUF1                            = 0.000000
ship/shipBonusUF2                            = 0.000000
ship/shipBonusUC1                            = 0.000000
ship/shipBonusUC2                            = 0.000000
ship/shipBonusUB1                            = 0.000000
ship/shipBonusUB2                            = 0.000000
ship/shipBonusOreDestroyer1                  = 0.000000
ship/shipBonusOreDestroyer2                  = 0.000000
ship/shipBonusOreDestroyer3                  = 0.000000
ship/shipBonusSoEECS1                        = 0.000000
ship/shipBonusSoEECS2                        = 0.000000
ship/shipBonusSoEECS3                        = 0.000000
ship/shipBonusSoEECS4                        = 0.000000
ship/shipBonusSoEECS5                        = 0.000000
ship/shipBonusAB3                            = 0.000000

low_1-3/type  = Republic Fleet Gyrostabilizer
low_1-3/state = online

low_4-6/type  = Domination Tracking Enhancer
low_4-6/state = online

medium_1/type              = Gist X-Type 500MN Microwarpdrive
medium_1/state             = active
medium_1/capacitorPeakLoad = 32.000000
medium_1/cycleTime         = 10000.000000

medium_2/type              = Gist X-Type X-Large Shield Booster
medium_2/state             = active
medium_2/shieldBoostRate   = 184.750000
medium_2/capacitorPeakLoad = 51.000000
medium_2/cycleTime         = 4000.000000

medium_3/type              = Pithum C-Type Multispectrum Shield Hardener
medium_3/state             = active
medium_3/capacitorPeakLoad = 3.333333
medium_3/cycleTime         = 12000.000000

medium_4/type              = Large Micro Jump Drive
medium_4/state             = active
medium_4/capacitorPeakLoad = 4.093750
medium_4/cycleTime         = 192000.000000

medium_5/type               = Shadow Serpentis Tracking Computer
medium_5/state              = active
medium_5/capacitorPeakLoad  = 0.700000
medium_5/cycleTime          = 10000.000000
medium_5/falloffBonus       = 32.000000
medium_5/maxRangeBonus      = 16.000000
medium_5/trackingSpeedBonus = 0.000000
medium_5/charge/type        = Optimal Range Script

medium_6/type              = Multispectrum Shield Hardener II
medium_6/state             = active
medium_6/capacitorPeakLoad = 3.200000
medium_6/cycleTime         = 10000.000000

high_1-7/type                         = 800mm Repeating Cannon II
high_1-7/state                        = active
high_1-7/damageVolley                 = 235.908896
high_1-7/speedWithReload              = 4476.469578
high_1-7/speedOfReload                = 20.833334
high_1-7/damagePerSecondWithReload    = 52.699765
high_1-7/damagePerSecondWithoutReload = 52.946175
high_1-7/chargeAmount                 = 119.999998
high_1-7/cycleTime                    = 4455.636245
high_1-7/speed                        = 4455.636245
high_1-7/maxRange                     = 3315.744503
high_1-7/damageMultiplier             = 4.273712
high_1-7/falloff                      = 38221.518269
high_1-7/trackingSpeed                = 5.459713
high_1-7/barrageDmgMultiplier         = 4.273712
high_1-7/barrageFalloff               = 38221.518269
high_1-7/entityFlyRange               = 250.000000
high_1-7/reloadTime                   = 2500.000000
high_1-7/charge/type                  = Republic Fleet EMP L

high_8/type              = Small Tractor Beam II
high_8/state             = active
high_8/capacitorPeakLoad = 1.000000
high_8/cycleTime         = 5000.000000

rig_1-3/type  = Large Hyperspatial Velocity Optimizer II
rig_1-3/state = online

dronebay_1-5/type                         = Warrior II
dronebay_1-5/state                        = active
dronebay_1-5/damageVolley                 = 31.199999
dronebay_1-5/speedWithReload              = 4000.000000
dronebay_1-5/damagePerSecondWithoutReload = 7.800000

ship                                                 = resource Cpu 798.000000 of 600.000000
ship                                                 = resource Powergrid 18341.000000 of 17950.000000
ship                                                 = resource LaunchedDrones 5.000000 of 0.000000
ship                                                 = skill Minmatar Battleship needs 1 has 0
ship                                                 = skill Gallente Battleship needs 1 has 0
ship                                                 = skill Spaceship Command needs 4 has 0
ship                                                 = skill Minmatar Battlecruiser needs 3 has 0
ship                                                 = skill Gallente Battlecruiser needs 3 has 0
ship                                                 = skill Minmatar Cruiser needs 3 has 0
ship                                                 = skill Gallente Cruiser needs 3 has 0
ship                                                 = skill Minmatar Destroyer needs 3 has 0
ship                                                 = skill Gallente Destroyer needs 3 has 0
ship                                                 = skill Minmatar Frigate needs 3 has 0
ship                                                 = skill Gallente Frigate needs 3 has 0
low_1/Republic Fleet Gyrostabilizer                  = skill Weapon Upgrades needs 1 has 0
low_1/Republic Fleet Gyrostabilizer                  = skill Gunnery needs 2 has 0
low_2/Republic Fleet Gyrostabilizer                  = skill Weapon Upgrades needs 1 has 0
low_2/Republic Fleet Gyrostabilizer                  = skill Gunnery needs 2 has 0
low_3/Republic Fleet Gyrostabilizer                  = skill Weapon Upgrades needs 1 has 0
low_3/Republic Fleet Gyrostabilizer                  = skill Gunnery needs 2 has 0
low_4/Domination Tracking Enhancer                   = skill Weapon Upgrades needs 1 has 0
low_4/Domination Tracking Enhancer                   = skill Gunnery needs 2 has 0
low_5/Domination Tracking Enhancer                   = skill Weapon Upgrades needs 1 has 0
low_5/Domination Tracking Enhancer                   = skill Gunnery needs 2 has 0
low_6/Domination Tracking Enhancer                   = skill Weapon Upgrades needs 1 has 0
low_6/Domination Tracking Enhancer                   = skill Gunnery needs 2 has 0
medium_1/Gist X-Type 500MN Microwarpdrive            = skill High Speed Maneuvering needs 1 has 0
medium_1/Gist X-Type 500MN Microwarpdrive            = skill Navigation needs 3 has 0
medium_1/Gist X-Type 500MN Microwarpdrive            = skill Afterburner needs 3 has 0
medium_2/Gist X-Type X-Large Shield Booster          = skill Shield Operation needs 3 has 0
medium_2/Gist X-Type X-Large Shield Booster          = skill Power Grid Management needs 1 has 0
medium_3/Pithum C-Type Multispectrum Shield Hardener = skill Tactical Shield Manipulation needs 1 has 0
medium_3/Pithum C-Type Multispectrum Shield Hardener = skill Power Grid Management needs 3 has 0
medium_4/Large Micro Jump Drive                      = skill Micro Jump Drive Operation needs 1 has 0
medium_4/Large Micro Jump Drive                      = skill Navigation needs 4 has 0
medium_4/Large Micro Jump Drive                      = skill Warp Drive Operation needs 2 has 0
medium_5/Shadow Serpentis Tracking Computer          = skill Trajectory Analysis needs 1 has 0
medium_5/Shadow Serpentis Tracking Computer          = skill Gunnery needs 4 has 0
medium_6/Multispectrum Shield Hardener II            = skill Tactical Shield Manipulation needs 4 has 0
medium_6/Multispectrum Shield Hardener II            = skill Power Grid Management needs 3 has 0
high_1/800mm Repeating Cannon II                     = skill Large Projectile Turret needs 5 has 0
high_1/800mm Repeating Cannon II                     = skill Gunnery needs 5 has 0
high_1/800mm Repeating Cannon II                     = skill Large Autocannon Specialization needs 1 has 0
high_1/800mm Repeating Cannon II                     = skill Medium Projectile Turret needs 3 has 0
high_1/800mm Repeating Cannon II                     = skill Motion Prediction needs 5 has 0
high_1/800mm Repeating Cannon II                     = skill Small Projectile Turret needs 3 has 0
high_2/800mm Repeating Cannon II                     = skill Large Projectile Turret needs 5 has 0
high_2/800mm Repeating Cannon II                     = skill Gunnery needs 5 has 0
high_2/800mm Repeating Cannon II                     = skill Large Autocannon Specialization needs 1 has 0
high_2/800mm Repeating Cannon II                     = skill Medium Projectile Turret needs 3 has 0
high_2/800mm Repeating Cannon II                     = skill Motion Prediction needs 5 has 0
high_2/800mm Repeating Cannon II                     = skill Small Projectile Turret needs 3 has 0
high_3/800mm Repeating Cannon II                     = skill Large Projectile Turret needs 5 has 0
high_3/800mm Repeating Cannon II                     = skill Gunnery needs 5 has 0
high_3/800mm Repeating Cannon II                     = skill Large Autocannon Specialization needs 1 has 0
high_3/800mm Repeating Cannon II                     = skill Medium Projectile Turret needs 3 has 0
high_3/800mm Repeating Cannon II                     = skill Motion Prediction needs 5 has 0
high_3/800mm Repeating Cannon II                     = skill Small Projectile Turret needs 3 has 0
high_4/800mm Repeating Cannon II                     = skill Large Projectile Turret needs 5 has 0
high_4/800mm Repeating Cannon II                     = skill Gunnery needs 5 has 0
high_4/800mm Repeating Cannon II                     = skill Large Autocannon Specialization needs 1 has 0
high_4/800mm Repeating Cannon II                     = skill Medium Projectile Turret needs 3 has 0
high_4/800mm Repeating Cannon II                     = skill Motion Prediction needs 5 has 0
high_4/800mm Repeating Cannon II                     = skill Small Projectile Turret needs 3 has 0
high_5/800mm Repeating Cannon II                     = skill Large Projectile Turret needs 5 has 0
high_5/800mm Repeating Cannon II                     = skill Gunnery needs 5 has 0
high_5/800mm Repeating Cannon II                     = skill Large Autocannon Specialization needs 1 has 0
high_5/800mm Repeating Cannon II                     = skill Medium Projectile Turret needs 3 has 0
high_5/800mm Repeating Cannon II                     = skill Motion Prediction needs 5 has 0
high_5/800mm Repeating Cannon II                     = skill Small Projectile Turret needs 3 has 0
high_6/800mm Repeating Cannon II                     = skill Large Projectile Turret needs 5 has 0
high_6/800mm Repeating Cannon II                     = skill Gunnery needs 5 has 0
high_6/800mm Repeating Cannon II                     = skill Large Autocannon Specialization needs 1 has 0
high_6/800mm Repeating Cannon II                     = skill Medium Projectile Turret needs 3 has 0
high_6/800mm Repeating Cannon II                     = skill Motion Prediction needs 5 has 0
high_6/800mm Repeating Cannon II                     = skill Small Projectile Turret needs 3 has 0
high_7/800mm Repeating Cannon II                     = skill Large Projectile Turret needs 5 has 0
high_7/800mm Repeating Cannon II                     = skill Gunnery needs 5 has 0
high_7/800mm Repeating Cannon II                     = skill Large Autocannon Specialization needs 1 has 0
high_7/800mm Repeating Cannon II                     = skill Medium Projectile Turret needs 3 has 0
high_7/800mm Repeating Cannon II                     = skill Motion Prediction needs 5 has 0
high_7/800mm Repeating Cannon II                     = skill Small Projectile Turret needs 3 has 0
high_8/Small Tractor Beam II                         = skill Science needs 5 has 0
dronebay/Warrior II                                  = skill Light Drone Operation needs 5 has 0
dronebay/Warrior II                                  = skill Minmatar Drone Specialization needs 1 has 0
dronebay/Warrior II                                  = skill Drones needs 5 has 0
