---
source: tests/harness/case.rs
expression: "calculate_fit(eft_fit, skills)"
---
ship/type                                    = Dominix
ship/scanStrength                            = 32.560000
ship/passiveShieldEffectiveRechargeRate      = 20.457904
ship/passiveShieldRechargeRate               = 7.183674
ship/shieldEffectiveBoostRate                = 393.000952
ship/shieldBoostRate                         = 138.000000
ship/ehp                                     = 49547.098172
ship/shieldThermalDamageEffectiveResonance   = 0.096867
ship/shieldKineticDamageEffectiveResonance   = 0.072651
ship/shieldExplosiveDamageEffectiveResonance = 0.060542
ship/shieldEmDamageEffectiveResonance        = 0.121084
ship/hullThermalDamageEffectiveResonance     = 0.167500
ship/hullKineticDamageEffectiveResonance     = 0.167500
ship/hullExplosiveDamageEffectiveResonance   = 0.167500
ship/hullEmDamageEffectiveResonance          = 0.167500
ship/armorThermalDamageEffectiveResonance    = 0.162500
ship/armorKineticDamageEffectiveResonance    = 0.162500
ship/armorExplosiveDamageEffectiveResonance  = 0.225000
ship/armorEmDamageEffectiveResonance         = 0.125000
ship/shieldEhp                               = 22554.837256
ship/hullEhp                                 = 13955.223533
ship/armorEhp                                = 13037.037382
ship/shieldDamageEffectiveResonance          = 0.351144
ship/hullDamageEffectiveResonance            = 0.670000
ship/armorDamageEffectiveResonance           = 0.675000
ship/droneCapacityLoad                       = 125.000000
ship/droneActive                             = 5.000000
ship/droneDamagePerSecond                    = 221.461464
ship/damagePerSecondWithReload               = 221.461464
ship/damagePerSecondWithoutReload            = 221.461464
ship/powerFree                               = 8636.000000
ship/cpuFree                                 = -84.775401
ship/capacitorDepletesIn                     = 65.000000
ship/capacitorPeakDeltaPercentage            = -471.557708
ship/capacitorPeakDelta                      = -75.650969
ship/capacitorPeakLoad                       = 91.693750
ship/capacitorPeakRecharge                   = 16.042781
ship/alignTime                               = 17.427593
ship/powerLoad                               = 1364.000000
ship/cpuOutput                               = 688.224599
ship/cpuLoad                                 = 773.000000
ship/rechargeRate                            = 935000.000000
ship/maxTargetRange                          = 109200.000000
ship/scanMagnetometricStrength               = 32.560000
ship/shieldEmDamageResonance                 = 0.484337
ship/shieldExplosiveDamageResonance          = 0.242168
ship/shieldKineticDamageResonance            = 0.290602
ship/shieldThermalDamageResonance            = 0.387469
ship/shieldRechargeRate                      = 2756249.749660
ship/shipBonus2AF                            = 0.000000
ship/shipBonusGC                             = 0.000000
ship/shipBonusCC                             = 0.000000
ship/shipBonusMB                             = 0.000000
ship/shipBonusCB                             = 0.000000
ship/shipBonusAB                             = 0.000000
ship/shipBonusMI                             = 0.000000
ship/shipBonusAI                             = 0.000000
ship/shipBonusCI                             = 0.000000
ship/shipBonusGI                             = 0.000000
ship/shipBonusGB                             = 0.000000
ship/signatureRadius                         = 1162.500000
ship/shipBonusGB2                            = 0.000000
ship/scanResolution                          = 152.100000
ship/droneBandwidthLoad                      = 125.000000
ship/shipBonusUF1                            = 0.000000
ship/shipBonusUF2                            = 0.000000
ship/shipBonusUC1                            = 0.000000
ship/shipBonusUC2                            = 0.000000
ship/shipBonusUB1                            = 0.000000
ship/shipBonusUB2                            = 0.000000
ship/shipBonusOreDestroyer1                  = 0.000000
ship/shipBonusOreDestroyer2                  = 0.000000
ship/shipBonusOreDestroyer3                  = 0.000000
ship/shipBonusSoEECS1                        = 0.000000
ship/shipBonusSoEECS2                        = 0.000000
ship/shipBonusSoEECS3                        = 0.000000
ship/shipBonusSoEECS4                        = 0.000000
ship/shipBonusSoEECS5                        = 0.000000
ship/shipBonusAB3                            = 0.000000

character/droneControlDistance = 116000.000000

low_1-4/type             = Drone Damage Amplifier II
low_1-4/state            = online
low_1-4/damageMultiplier = 1.677738
low_1-4/falloff          = 1.569332

low_5-7/type  = Omnidirectional Tracking Enhancer II
low_5-7/state = online

medium_1/type              = Large Micro Jump Drive
medium_1/state             = active
medium_1/capacitorPeakLoad = 4.093750
medium_1/cycleTime         = 192000.000000

medium_2-3/type              = Multispectrum Shield Hardener II
medium_2-3/state             = active
medium_2-3/capacitorPeakLoad = 3.200000
medium_2-3/cycleTime         = 10000.000000

medium_4/type              = X-Large Shield Booster II
medium_4/state             = active
medium_4/shieldBoostRate   = 138.000000
medium_4/capacitorPeakLoad = 80.000000
medium_4/cycleTime         = 5000.000000

medium_5/type              = Sensor Booster II
medium_5/state             = active
medium_5/capacitorPeakLoad = 1.200000
medium_5/cycleTime         = 10000.000000

high_1-4/type  = Drone Link Augmentor II
high_1-4/state = online

rig_1-2/type  = Large Processor Overclocking Unit I
rig_1-2/state = online

rig_3/type  = Large Capacitor Control Circuit I
rig_3/state = online

dronebay_1-5/type                         = Garde I
dronebay_1-5/state                        = active
dronebay_1-5/damageVolley                 = 177.169171
dronebay_1-5/speedWithReload              = 4000.000000
dronebay_1-5/damagePerSecondWithoutReload = 44.292293
dronebay_1-5/maxRange                     = 18957.334515
dronebay_1-5/damageMultiplier             = 2.768268
dronebay_1-5/falloff                      = 39233.304999
dronebay_1-5/trackingSpeed                = 0.034991
