---
source: tests/harness/case.rs
expression: "calculate_fit(eft_fit, skills)"
---
capacitor/capacity             = 3350.000000
capacitor/depletes_in          = 164.000000
capacitor/peak                 = -13.873034
capacitor/percentage           = -55.285075
capacitor/recharge             = 333.750000
capacitor/stable               = false
cpu/capacity                   = 537.500000
cpu/free                       = 90.250000
defense/armor/hp               = 1500.000000
defense/armor/resist/em        = 56.250000
defense/armor/resist/expl      = 21.250002
defense/armor/resist/kin       = 34.375000
defense/armor/resist/therm     = 51.874999
defense/ehp                    = 10393.359723
defense/recharge/armor         = 0.000000
defense/recharge/hull          = 0.000000
defense/recharge/passive       = 5.666667
defense/recharge/shield        = 59.500000
defense/shield/hp              = 2125.000000
defense/shield/recharge        = 937.500000
defense/shield/resist/em       = 49.375001
defense/shield/resist/expl     = 55.000001
defense/shield/resist/kin      = 45.999999
defense/shield/resist/therm    = 28.000001
defense/structure/hp           = 1750.000000
defense/structure/resist/em    = 56.450001
defense/structure/resist/expl  = 56.450001
defense/structure/resist/kin   = 56.450001
defense/structure/resist/therm = 56.450001
drones/active                  = 2.000000
drones/bandwidth               = 10.000000
drones/bandwidth_load          = 10.000000
drones/capacity                = 10.000000
drones/capacity_load           = 10.000000
drones/dps                     = 28.125000
drones/range                   = 60.000000
navigation/agility             = 0.317250
navigation/align_time          = 7.437050
navigation/mass                = 16910.000000
navigation/speed               = 685.979081
navigation/warp_speed          = 4.000000
offense/alpha                  = 811.548332
offense/dps                    = 298.652928
offense/dps_with_reload        = 284.414027
offense/drone_dps              = 28.125000
power/capacity                 = 1048.162500
power/free                     = 51.412500
targeting/lock_range           = 71.875000
targeting/max_locked_targets   = 6.000000
targeting/scan_resolution      = 337.500000
targeting/sensor_strength      = 19.200000
targeting/signature_radius     = 125.000000

low_1-3/type  = Ballistic Control System I
low_1-3/state = online

low_4/type  = IFFA Compact Damage Control
low_4/state = online

medium_1/type              = 10MN Y-S8 Compact Afterburner
medium_1/state             = active
medium_1/capacitorPeakLoad = 2.666667
medium_1/cycleTime         = 7500.000000
medium_1/capacitorNeed     = 20.000000
medium_1/speedFactor       = 156.250000
medium_1/duration          = 7500.000000
medium_1/heatDamage        = 4.275000

medium_2/type              = Large C5-L Compact Shield Booster
medium_2/state             = active
medium_2/shieldBoostRate   = 59.500000
medium_2/capacitorPeakLoad = 36.000000
medium_2/cycleTime         = 4000.000000
medium_2/capacitorNeed     = 144.000000
medium_2/heatDamage        = 0.900000

medium_3/type  = Large Compact Pb-Acid Cap Battery
medium_3/state = online
medium_3/cpu   = 30.000000

medium_4/type                    = Compact EM Shield Amplifier
medium_4/state                   = online
medium_4/power                   = 0.750000
medium_4/emDamageResistanceBonus = -43.750000

medium_5/type              = X5 Enduring Stasis Webifier
medium_5/state             = active
medium_5/capacitorPeakLoad = 0.300000
medium_5/cycleTime         = 5000.000000
medium_5/capacitorNeed     = 1.500000
medium_5/heatDamage        = 3.750000

high_1-5/type                         = Prototype 'Arbalest' Heavy Assault Missile Launcher I
high_1-5/state                        = active
high_1-5/damageVolley                 = 162.309666
high_1-5/speedWithReload              = 3166.535620
high_1-5/speedOfReload                = 166.666667
high_1-5/damagePerSecondWithReload    = 51.257805
high_1-5/damagePerSecondWithoutReload = 54.105586
high_1-5/chargeAmount                 = 60.000000
high_1-5/power                        = 97.200000
high_1-5/cpu                          = 29.250000
high_1-5/speed                        = 2999.868952
high_1-5/heatDamage                   = 0.750000
high_1-5/charge/type                  = Scourge Heavy Assault Missile
high_1-5/charge/maxVelocity           = 5062.500000
high_1-5/charge/kineticDamage         = 162.309666
high_1-5/charge/explosionDelay        = 6000.000000
high_1-5/charge/aoeVelocity           = 151.500000
high_1-5/charge/aoeCloudSize          = 93.750000

rig_1-3/type  = Medium Ancillary Current Router I
rig_1-3/state = online

dronebay_1-2/type                         = Hornet I
dronebay_1-2/state                        = active
dronebay_1-2/damageVolley                 = 56.250000
dronebay_1-2/speedWithReload              = 4000.000000
dronebay_1-2/damagePerSecondWithoutReload = 14.062500
dronebay_1-2/hp                           = 187.500000
dronebay_1-2/maxVelocity                  = 3937.500000
dronebay_1-2/maxRange                     = 3000.000000
dronebay_1-2/damageMultiplier             = 2.812500
dronebay_1-2/shieldCapacity               = 225.000000
dronebay_1-2/armorHP                      = 87.500000
