---
source: tests/harness/case.rs
expression: "calculate_fit(eft_fit, skills)"
---
capacitor/capacity             = 1600.000000
capacitor/depletes_in          = 36.000000
capacitor/peak                 = -36.879416
capacitor/percentage           = -390.691310
capacitor/recharge             = 423.750000
capacitor/stable               = false
cpu/capacity                   = 412.500000
cpu/free                       = 13.750000
defense/armor/hp               = 4393.750000
defense/armor/resist/em        = 68.124999
defense/armor/resist/expl      = 48.999998
defense/armor/resist/kin       = 52.187499
defense/armor/resist/therm     = 58.562500
defense/ehp                    = 17239.313312
defense/recharge/armor         = 0.000000
defense/recharge/hull          = 0.000000
defense/recharge/passive       = 4.000000
defense/recharge/shield        = 0.000000
defense/shield/hp              = 1500.000000
defense/shield/recharge        = 937.500000
defense/shield/resist/em       = 12.500000
defense/shield/resist/expl     = 56.250000
defense/shield/resist/kin      = 47.499998
defense/shield/resist/therm    = 29.999999
defense/structure/hp           = 1875.000000
defense/structure/resist/em    = 59.799997
defense/structure/resist/expl  = 59.799997
defense/structure/resist/kin   = 59.799997
defense/structure/resist/therm = 59.799997
drones/active                  = 5.000000
drones/bandwidth               = 40.000000
drones/bandwidth_load          = 40.000000
drones/capacity                = 40.000000
drones/capacity_load           = 40.000000
drones/dps                     = 127.214997
drones/range                   = 60.000000
navigation/agility             = 0.263837
navigation/align_time          = 6.879872
navigation/mass                = 18810.000000
navigation/speed               = 2068.870564
navigation/warp_speed          = 4.000000
offense/alpha                  = 803.104701
offense/dps                    = 578.716888
offense/dps_with_reload        = 578.714350
offense/drone_dps              = 127.214997
power/capacity                 = 1250.000000
power/free                     = 19.843750
slots/hi_1                     = active
slots/hi_2                     = active
slots/hi_3                     = active
slots/hi_4                     = active
slots/hi_5                     = active
slots/hi_6                     = empty
slots/hi_7                     = empty
slots/hi_8                     = empty
slots/lo_1                     = online
slots/lo_2                     = online
slots/lo_3                     = online
slots/lo_4                     = online
slots/lo_5                     = active
slots/lo_6                     = online
slots/lo_7                     = empty
slots/lo_8                     = empty
slots/med_1                    = active
slots/med_2                    = active
slots/med_3                    = active
slots/med_4                    = empty
slots/med_5                    = empty
slots/med_6                    = empty
slots/med_7                    = empty
slots/med_8                    = empty
targeting/lock_range           = 68.750000
targeting/max_locked_targets   = 6.000000
targeting/scan_resolution      = 375.000000
targeting/sensor_strength      = 18.000000
targeting/signature_radius     = 632.500000
