---
source: tests/harness/case.rs
expression: "calculate_fit(eft_fit, skills)"
---
ship/type                                    = Stabber
ship/scanStrength                            = 13.000000
ship/passiveShieldEffectiveRechargeRate      = 23.912088
ship/passiveShieldRechargeRate               = 13.600000
ship/velocityBoost                           = 461.890244
ship/ehp                                     = 17229.090089
ship/shieldThermalDamageEffectiveResonance   = 0.175000
ship/shieldKineticDamageEffectiveResonance   = 0.131250
ship/shieldExplosiveDamageEffectiveResonance = 0.109375
ship/shieldEmDamageEffectiveResonance        = 0.153125
ship/hullThermalDamageEffectiveResonance     = 0.100500
ship/hullKineticDamageEffectiveResonance     = 0.100500
ship/hullExplosiveDamageEffectiveResonance   = 0.100500
ship/hullEmDamageEffectiveResonance          = 0.100500
ship/armorThermalDamageEffectiveResonance    = 0.138125
ship/armorKineticDamageEffectiveResonance    = 0.159375
ship/armorExplosiveDamageEffectiveResonance  = 0.191250
ship/armorEmDamageEffectiveResonance         = 0.085000
ship/shieldEhp                               = 11956.043792
ship/hullEhp                                 = 3233.830637
ship/armorEhp                                = 2039.215661
ship/shieldDamageEffectiveResonance          = 0.568750
ship/hullDamageEffectiveResonance            = 0.402000
ship/armorDamageEffectiveResonance           = 0.573750
ship/droneCapacityLoad                       = 25.000000
ship/droneActive                             = 5.000000
ship/droneDamagePerSecond                    = 41.999999
ship/damagePerSecondWithReload               = 118.953379
ship/damagePerSecondWithoutReload            = 120.243689
ship/damageAlpha                             = 291.650681
ship/powerFree                               = -311.500000
ship/cpuFree                                 = -67.000000
ship/capacitorDepletesIn                     = 20.000000
ship/capacitorPeakDeltaPercentage            = -641.000000
ship/capacitorPeakDelta                      = -33.736842
ship/capacitorPeakLoad                       = 39.000000
ship/capacitorPeakRecharge                   = 5.263158
ship/alignTime                               = 10.333161
ship/mass                                    = 16400000.000000
ship/powerOutput                             = 786.500000
ship/powerLoad                               = 1098.000000
ship/maxVelocity                             = 1719.103202
ship/cpuLoad                                 = 407.000000
ship/agility                                 = 0.454500
ship/kineticDamageResonance                  = 0.402000
ship/thermalDamageResonance                  = 0.402000
ship/explosiveDamageResonance                = 0.402000
ship/emDamageResonance                       = 0.402000
ship/shieldCapacity                          = 6800.000000
ship/armorHP                                 = 1170.000000
ship/armorEmDamageResonance                  = 0.340000
ship/armorExplosiveDamageResonance           = 0.765000
ship/armorKineticDamageResonance             = 0.637500
ship/armorThermalDamageResonance             = 0.552500
ship/shieldEmDamageResonance                 = 0.612500
ship/shieldExplosiveDamageResonance          = 0.437500
ship/shieldKineticDamageResonance            = 0.525000
ship/shieldThermalDamageResonance            = 0.700000
ship/capacitorCapacity                       = 900.000000
ship/shipBonus2AF                            = 0.000000
ship/shipBonusGC                             = 0.000000
ship/shipBonusCC                             = 0.000000
ship/shipBonusMC                             = 0.000000
ship/shipBonusMB                             = 0.000000
ship/shipBonusCB                             = 0.000000
ship/shipBonusAB                             = 0.000000
ship/shipBonusMI                             = 0.000000
ship/shipBonusAI                             = 0.000000
ship/shipBonusCI                             = 0.000000
ship/shipBonusGI                             = 0.000000
ship/signatureRadius                         = 978.220798
ship/shipBonusMC2                            = 0.000000
ship/droneBandwidthLoad                      = 25.000000
ship/shipBonusUF1                            = 0.000000
ship/shipBonusUF2                            = 0.000000
ship/shipBonusUC1                            = 0.000000
ship/shipBonusUC2                            = 0.000000
ship/shipBonusUB1                            = 0.000000
ship/shipBonusUB2                            = 0.000000
ship/shipBonusOreDestroyer1                  = 0.000000
ship/shipBonusOreDestroyer2                  = 0.000000
ship/shipBonusOreDestroyer3                  = 0.000000
ship/shipBonusSoEECS1                        = 0.000000
ship/shipBonusSoEECS2                        = 0.000000
ship/shipBonusSoEECS3                        = 0.000000
ship/shipBonusSoEECS4                        = 0.000000
ship/shipBonusSoEECS5                        = 0.000000
ship/shipBonusAB3                            = 0.000000

low_1/type  = Tracking Enhancer II
low_1/state = online

low_2/type  = Damage Control II
low_2/state = online

low_3-4/type  = Gyrostabilizer II
low_3-4/state = online

medium_1/type              = 50MN Cold-Gas Enduring Microwarpdrive
medium_1/state             = active
medium_1/capacitorPeakLoad = 13.000000
medium_1/cycleTime         = 10000.000000

medium_2-3/type  = Large Shield Extender II
medium_2-3/state = online

medium_4/type              = Warp Disruptor II
medium_4/state             = active
medium_4/capacitorPeakLoad = 6.000000
medium_4/cycleTime         = 5000.000000

high_1-2/type                         = 220mm Vulcan AutoCannon II
high_1-2/state                        = active
high_1-2/damageVolley                 = 72.912670
high_1-2/speedWithReload              = 3789.965807
high_1-2/speedOfReload                = 62.500001
high_1-2/damagePerSecondWithReload    = 19.238345
high_1-2/damagePerSecondWithoutReload = 19.560923
high_1-2/chargeAmount                 = 159.999998
high_1-2/cycleTime                    = 3727.465806
high_1-2/speed                        = 3727.465806
high_1-2/maxRange                     = 2376.000000
high_1-2/damageMultiplier             = 3.314212
high_1-2/falloff                      = 17879.400000
high_1-2/trackingSpeed                = 31.914433
high_1-2/barrageDmgMultiplier         = 3.314212
high_1-2/barrageFalloff               = 17879.400000
high_1-2/charge/type                  = Barrage M

high_3/type              = Medium Infectious Scoped Energy Neutralizer
high_3/state             = active
high_3/capacitorPeakLoad = 12.500000
high_3/cycleTime         = 12000.000000

high_4/type              = Small Infectious Scoped Energy Neutralizer
high_4/state             = active
high_4/capacitorPeakLoad = 7.500000
high_4/cycleTime         = 6000.000000

high_5-6/type                         = 220mm Vulcan AutoCannon II
high_5-6/state                        = active
high_5-6/damageVolley                 = 72.912670
high_5-6/speedWithReload              = 3789.965807
high_5-6/speedOfReload                = 62.500001
high_5-6/damagePerSecondWithReload    = 19.238345
high_5-6/damagePerSecondWithoutReload = 19.560923
high_5-6/chargeAmount                 = 159.999998
high_5-6/cycleTime                    = 3727.465806
high_5-6/speed                        = 3727.465806
high_5-6/maxRange                     = 2376.000000
high_5-6/damageMultiplier             = 3.314212
high_5-6/falloff                      = 17879.400000
high_5-6/trackingSpeed                = 31.914433
high_5-6/barrageDmgMultiplier         = 3.314212
high_5-6/barrageFalloff               = 17879.400000
high_5-6/charge/type                  = Barrage M

rig_1/type  = Medium Ancillary Current Router I
rig_1/state = online

rig_2/type  = Medium EM Shield Reinforcer I
rig_2/state = online

rig_3/type  = Medium Polycarbon Engine Housing I
rig_3/state = online

dronebay_1-5/type                         = Acolyte II
dronebay_1-5/state                        = active
dronebay_1-5/damageVolley                 = 33.599999
dronebay_1-5/speedWithReload              = 4000.000000
dronebay_1-5/damagePerSecondWithoutReload = 8.400000
