---
source: tests/harness/case.rs
expression: "calculate_fit(eft_fit, skills)"
---
capacitor/capacity             = 4640.000000
capacitor/depletes_in          = 70.000000
capacitor/peak                 = -57.308139
capacitor/percentage           = -323.923748
capacitor/recharge             = 655.668741
capacitor/stable               = false
cpu/capacity                   = 660.000000
cpu/free                       = -253.000000
defense/armor/hp               = 9900.000000
defense/armor/resist/em        = 59.999999
defense/armor/resist/expl      = 10.000002
defense/armor/resist/kin       = 25.000000
defense/armor/resist/therm     = 35.000002
defense/ehp                    = 45834.942561
defense/recharge/armor         = 0.000000
defense/recharge/hull          = 0.000000
defense/recharge/passive       = 7.706490
defense/recharge/shield        = 69.000000
defense/shield/hp              = 10450.000000
defense/shield/recharge        = 3390.000000
defense/shield/resist/em       = 35.000000
defense/shield/resist/expl     = 50.000000
defense/shield/resist/kin      = 39.999998
defense/shield/resist/therm    = 19.999999
defense/structure/hp           = 9900.000000
defense/structure/resist/em    = 32.999998
defense/structure/resist/expl  = 32.999998
defense/structure/resist/kin   = 32.999998
defense/structure/resist/therm = 32.999998
drones/active                  = 5.000000
drones/bandwidth               = 125.000000
drones/bandwidth_load          = 125.000000
drones/capacity                = 200.000000
drones/capacity_load           = 125.000000
drones/dps                     = 218.065049
drones/range                   = 44.000000
navigation/agility             = 0.110000
navigation/align_time          = 23.270337
navigation/mass                = 152600.000000
navigation/speed               = 823.026214
navigation/warp_speed          = 3.000000
offense/alpha                  = 1333.372038
offense/dps                    = 564.696919
offense/dps_with_reload        = 472.202763
offense/drone_dps              = 218.065049
power/capacity                 = 13000.000000
power/free                     = 4313.000000
slots/hi_1                     = active
slots/hi_2                     = active
slots/hi_3                     = active
slots/hi_4                     = active
slots/hi_5                     = active
slots/hi_6                     = active
slots/hi_7                     = active
slots/hi_8                     = online
slots/lo_1                     = online
slots/lo_2                     = online
slots/lo_3                     = online
slots/lo_4                     = online
slots/lo_5                     = online
slots/lo_6                     = online
slots/lo_7                     = online
slots/lo_8                     = empty
slots/med_1                    = active
slots/med_2                    = active
slots/med_3                    = active
slots/med_4                    = online
slots/med_5                    = active
slots/med_6                    = empty
slots/med_7                    = empty
slots/med_8                    = empty
targeting/lock_range           = 86.400000
targeting/max_locked_targets   = 9.000000
targeting/scan_resolution      = 150.000000
targeting/sensor_strength      = 23.000000
targeting/signature_radius     = 1912.965117
