---
source: tests/harness/case.rs
expression: "calculate_fit(eft_fit, skills)"
---
ship/type                                    = Caracal
ship/scanStrength                            = 16.000000
ship/passiveShieldEffectiveRechargeRate      = 5.925926
ship/passiveShieldRechargeRate               = 3.400000
ship/shieldEffectiveBoostRate                = 103.703705
ship/shieldBoostRate                         = 59.500000
ship/velocityBoost                           = 110.881136
ship/ehp                                     = 8209.404830
ship/shieldThermalDamageEffectiveResonance   = 0.180000
ship/shieldKineticDamageEffectiveResonance   = 0.135000
ship/shieldExplosiveDamageEffectiveResonance = 0.112500
ship/shieldEmDamageEffectiveResonance        = 0.146250
ship/hullThermalDamageEffectiveResonance     = 0.108875
ship/hullKineticDamageEffectiveResonance     = 0.108875
ship/hullExplosiveDamageEffectiveResonance   = 0.108875
ship/hullEmDamageEffectiveResonance          = 0.108875
ship/armorThermalDamageEffectiveResonance    = 0.120313
ship/armorKineticDamageEffectiveResonance    = 0.164062
ship/armorExplosiveDamageEffectiveResonance  = 0.196875
ship/armorEmDamageEffectiveResonance         = 0.109375
ship/shieldEhp                               = 2962.963000
ship/hullEhp                                 = 3214.695790
ship/armorEhp                                = 2031.746041
ship/shieldDamageEffectiveResonance          = 0.573750
ship/hullDamageEffectiveResonance            = 0.435500
ship/armorDamageEffectiveResonance           = 0.590625
ship/droneCapacityLoad                       = 10.000000
ship/droneActive                             = 2.000000
ship/droneDamagePerSecond                    = 15.000000
ship/damagePerSecondWithReload               = 124.396753
ship/damagePerSecondWithoutReload            = 127.883926
ship/damageAlpha                             = 590.216969
ship/powerFree                               = -212.470000
ship/cpuFree                                 = -76.000000
ship/capacitorDepletesIn                     = 68.000000
ship/capacitorPeakDeltaPercentage            = -221.462687
ship/capacitorPeakDelta                      = -33.343820
ship/capacitorPeakLoad                       = 48.400000
ship/capacitorPeakRecharge                   = 15.056180
ship/alignTime                               = 11.017852
ship/mass                                    = 16910000.000000
ship/powerOutput                             = 838.530000
ship/powerLoad                               = 1051.000000
ship/maxVelocity                             = 485.026612
ship/cpuLoad                                 = 506.000000
ship/kineticDamageResonance                  = 0.435500
ship/thermalDamageResonance                  = 0.435500
ship/explosiveDamageResonance                = 0.435500
ship/emDamageResonance                       = 0.435500
ship/armorEmDamageResonance                  = 0.437500
ship/armorExplosiveDamageResonance           = 0.787500
ship/armorKineticDamageResonance             = 0.656250
ship/armorThermalDamageResonance             = 0.481250
ship/shieldEmDamageResonance                 = 0.585000
ship/shieldExplosiveDamageResonance          = 0.450000
ship/shieldKineticDamageResonance            = 0.540000
ship/shieldThermalDamageResonance            = 0.720000
ship/capacitorCapacity                       = 2680.000000
ship/shipBonus2AF                            = 0.000000
ship/shipBonusGC                             = 0.000000
ship/shipBonusCC                             = 0.000000
ship/shipBonusMB                             = 0.000000
ship/shipBonusCB                             = 0.000000
ship/shipBonusAB                             = 0.000000
ship/shipBonusMI                             = 0.000000
ship/shipBonusAI                             = 0.000000
ship/shipBonusCI                             = 0.000000
ship/shipBonusGI                             = 0.000000
ship/shipBonusCC2                            = 0.000000
ship/droneBandwidthLoad                      = 10.000000
ship/energyWarfareResistance                 = 0.780000
ship/shipBonusUF1                            = 0.000000
ship/shipBonusUF2                            = 0.000000
ship/shipBonusUC1                            = 0.000000
ship/shipBonusUC2                            = 0.000000
ship/shipBonusUB1                            = 0.000000
ship/shipBonusUB2                            = 0.000000
ship/shipBonusOreDestroyer1                  = 0.000000
ship/shipBonusOreDestroyer2                  = 0.000000
ship/shipBonusOreDestroyer3                  = 0.000000
ship/shipBonusSoEECS1                        = 0.000000
ship/shipBonusSoEECS2                        = 0.000000
ship/shipBonusSoEECS3                        = 0.000000
ship/shipBonusSoEECS4                        = 0.000000
ship/shipBonusSoEECS5                        = 0.000000
ship/shipBonusAB3                            = 0.000000

character/missileDamageMultiplier = 1.180434

low_1-3/type  = Ballistic Control System I
low_1-3/state = online

low_4/type  = IFFA Compact Damage Control
low_4/state = online

medium_1/type              = 10MN Y-S8 Compact Afterburner
medium_1/state             = active
medium_1/capacitorPeakLoad = 8.000000
medium_1/cycleTime         = 10000.000000

medium_2/type              = Large C5-L Compact Shield Booster
medium_2/state             = active
medium_2/shieldBoostRate   = 59.500000
medium_2/capacitorPeakLoad = 40.000000
medium_2/cycleTime         = 4000.000000

medium_3/type  = Large Compact Pb-Acid Cap Battery
medium_3/state = online

medium_4/type  = Compact EM Shield Amplifier
medium_4/state = online

medium_5/type              = X5 Enduring Stasis Webifier
medium_5/state             = active
medium_5/capacitorPeakLoad = 0.400000
medium_5/cycleTime         = 5000.000000

high_1-5/type                         = Prototype 'Arbalest' Heavy Assault Missile Launcher I
high_1-5/state                        = active
high_1-5/damageVolley                 = 118.043394
high_1-5/speedWithReload              = 5395.196431
high_1-5/speedOfReload                = 166.666667
high_1-5/damagePerSecondWithReload    = 21.879351
high_1-5/damagePerSecondWithoutReload = 22.576785
high_1-5/chargeAmount                 = 60.000000
high_1-5/speed                        = 5228.529764
high_1-5/charge/type                  = Scourge Heavy Assault Missile
high_1-5/charge/kineticDamage         = 118.043394

rig_1-3/type  = Medium Ancillary Current Router I
rig_1-3/state = online

dronebay_1-2/type                         = Hornet I
dronebay_1-2/state                        = active
dronebay_1-2/damageVolley                 = 30.000000
dronebay_1-2/speedWithReload              = 4000.000000
dronebay_1-2/damagePerSecondWithoutReload = 7.500000
