---
source: tests/harness/case.rs
expression: "calculate_fit(eft_fit, skills, edit)"
---
ship/type                                         = Venture
ship/scanStrength                                 = 4.000000
ship/passiveShieldEffectiveRechargeRate           = 1.241379
ship/passiveShieldRechargeRate                    = 0.900000
ship/ehp                                          = 868.111542
ship/shieldThermalDamageEffectiveResonance        = 0.200000
ship/shieldKineticDamageEffectiveResonance        = 0.150000
ship/shieldExplosiveDamageEffectiveResonance      = 0.125000
ship/shieldEmDamageEffectiveResonance             = 0.250000
ship/hullThermalDamageEffectiveResonance          = 0.167500
ship/hullKineticDamageEffectiveResonance          = 0.167500
ship/hullExplosiveDamageEffectiveResonance        = 0.167500
ship/hullEmDamageEffectiveResonance               = 0.167500
ship/armorThermalDamageEffectiveResonance         = 0.162500
ship/armorKineticDamageEffectiveResonance         = 0.187500
ship/armorExplosiveDamageEffectiveResonance       = 0.225000
ship/armorEmDamageEffectiveResonance              = 0.100000
ship/shieldEhp                                    = 310.344824
ship/hullEhp                                      = 298.507455
ship/armorEhp                                     = 259.259263
ship/shieldDamageEffectiveResonance               = 0.725000
ship/hullDamageEffectiveResonance                 = 0.670000
ship/armorDamageEffectiveResonance                = 0.675000
ship/droneCapacityLoad                            = 2200.000000
ship/droneActive                                  = 2.000000
ship/powerFree                                    = 45.000000
ship/cpuFree                                      = 240.000000
ship/capacitorDepletesIn                          = -1.000000
ship/capacitorPeakDeltaPercentage                 = 100.000000
ship/capacitorPeakDelta                           = 5.000000
ship/capacitorPeakRecharge                        = 5.000000
ship/alignTime                                    = 5.988791
ship/shipBonusGF                                  = 0.000000
ship/shipBonus2AF                                 = 0.000000
ship/shipBonusGC                                  = 0.000000
ship/shipBonusCC                                  = 0.000000
ship/shipBonusMB                                  = 0.000000
ship/shipBonusCB                                  = 0.000000
ship/shipBonusAB                                  = 0.000000
ship/shipBonusMI                                  = 0.000000
ship/shipBonusAI                                  = 0.000000
ship/shipBonusCI                                  = 0.000000
ship/shipBonusGI                                  = 0.000000
ship/shipBonusGF2                                 = 0.000000
ship/droneBandwidthLoad                           = 50.000000
ship/miningFrigatesBonusOreMiningYield            = 0.000000
ship/shipBonusUF1                                 = 0.000000
ship/shipBonusUF2                                 = 0.000000
ship/shipBonusUC1                                 = 0.000000
ship/shipBonusUC2                                 = 0.000000
ship/shipBonusUB1                                 = 0.000000
ship/shipBonusUB2                                 = 0.000000
ship/miningFrigateBonusGasCloudHarvestingDuration = 0.000000
ship/shipBonusOreDestroyer1                       = 0.000000
ship/shipBonusOreDestroyer2                       = 0.000000
ship/shipBonusOreDestroyer3                       = 0.000000
ship/shipBonusSoEECS1                             = 0.000000
ship/shipBonusSoEECS2                             = 0.000000
ship/shipBonusSoEECS3                             = 0.000000
ship/shipBonusSoEECS4                             = 0.000000
ship/shipBonusSoEECS5                             = 0.000000
ship/shipBonusAB3                                 = 0.000000

dronebay_1-2/type  = 'Excavator' Mining Drone
dronebay_1-2/state = active

cargo_1-100/type  = Meson Exotic Plasma L
cargo_1-100/state = offline
