---
source: tests/harness/case.rs
expression: "calculate_fit(eft_fit, skills, edit)"
---
ship/type                                    = Confessor
ship/upgradeFree                             = 400.000000
ship/scanStrength                            = 13.000000
ship/passiveShieldEffectiveRechargeRate      = 3.000000
ship/passiveShieldRechargeRate               = 1.875000
ship/velocityBoost                           = 88.043478
ship/ehp                                     = 4351.592326
ship/shieldThermalDamageEffectiveResonance   = 0.200000
ship/shieldKineticDamageEffectiveResonance   = 0.112500
ship/shieldExplosiveDamageEffectiveResonance = 0.062500
ship/shieldEmDamageEffectiveResonance        = 0.250000
ship/hullThermalDamageEffectiveResonance     = 0.167500
ship/hullKineticDamageEffectiveResonance     = 0.167500
ship/hullExplosiveDamageEffectiveResonance   = 0.167500
ship/hullEmDamageEffectiveResonance          = 0.167500
ship/armorThermalDamageEffectiveResonance    = 0.108333
ship/armorKineticDamageEffectiveResonance    = 0.093750
ship/armorExplosiveDamageEffectiveResonance  = 0.066667
ship/armorEmDamageEffectiveResonance         = 0.083333
ship/shieldEhp                               = 960.000000
ship/hullEhp                                 = 1119.402957
ship/armorEhp                                = 2272.189368
ship/shieldDamageEffectiveResonance          = 0.625000
ship/hullDamageEffectiveResonance            = 0.670000
ship/armorDamageEffectiveResonance           = 0.352083
ship/powerFree                               = 37.000000
ship/cpuFree                                 = 116.000000
ship/capacitorDepletesIn                     = -1.000000
ship/capacitorPeakDeltaPercentage            = 32.531844
ship/capacitorPeakDelta                      = 2.033240
ship/capacitorPeakLoad                       = 4.216760
ship/capacitorPeakRecharge                   = 6.250000
ship/alignTime                               = 9.565431
ship/mass                                    = 2300000.000000
ship/powerLoad                               = 25.000000
ship/maxVelocity                             = 470.108696
ship/cpuLoad                                 = 64.000000
ship/armorEmDamageResonance                  = 0.333333
ship/armorExplosiveDamageResonance           = 0.266667
ship/armorKineticDamageResonance             = 0.375000
ship/armorThermalDamageResonance             = 0.433333
ship/shipBonus2AF                            = 0.000000
ship/shipBonusGC                             = 0.000000
ship/shipBonusCC                             = 0.000000
ship/shipBonusMB                             = 0.000000
ship/shipBonusCB                             = 0.000000
ship/shipBonusAB                             = 0.000000
ship/shipBonusMI                             = 0.000000
ship/shipBonusAI                             = 0.000000
ship/shipBonusCI                             = 0.000000
ship/shipBonusGI                             = 0.000000
ship/signatureRadius                         = 43.333333
ship/shipBonusTacticalDestroyerAmarr1        = 0.000000
ship/shipBonusTacticalDestroyerAmarr2        = 0.000000
ship/shipBonusTacticalDestroyerAmarr3        = 0.000000
ship/shipBonusUF1                            = 0.000000
ship/shipBonusUF2                            = 0.000000
ship/shipBonusUC1                            = 0.000000
ship/shipBonusUC2                            = 0.000000
ship/shipBonusUB1                            = 0.000000
ship/shipBonusUB2                            = 0.000000
ship/shipBonusOreDestroyer1                  = 0.000000
ship/shipBonusOreDestroyer2                  = 0.000000
ship/shipBonusOreDestroyer3                  = 0.000000
ship/shipBonusSoEECS1                        = 0.000000
ship/shipBonusSoEECS2                        = 0.000000
ship/shipBonusSoEECS3                        = 0.000000
ship/shipBonusSoEECS4                        = 0.000000
ship/shipBonusSoEECS5                        = 0.000000
ship/shipBonusAB3                            = 0.000000

mode/type = Confessor Defense Mode

low_1/type  = Heat Sink II
low_1/state = online

medium_1/type              = 1MN Afterburner II
medium_1/state             = active
medium_1/capacitorPeakLoad = 2.200000
medium_1/cycleTime         = 10000.000000

high_1/type              = Small Focused Beam Laser II
high_1/state             = active
high_1/speedWithReload   = 4475.009905
high_1/speedOfReload     = 0.010000
high_1/capacitorPeakLoad = 2.016760
high_1/cycleTime         = 4474.999905
high_1/speed             = 4474.999905
high_1/damageMultiplier  = 7.900200

ship                               = skill Amarr Tactical Destroyer needs 1 has 0
ship                               = skill Amarr Destroyer needs 5 has 0
ship                               = skill Amarr Frigate needs 3 has 0
ship                               = skill Spaceship Command needs 1 has 0
low_1/Heat Sink II                 = skill Weapon Upgrades needs 4 has 0
low_1/Heat Sink II                 = skill Gunnery needs 2 has 0
medium_1/1MN Afterburner II        = skill Afterburner needs 4 has 0
medium_1/1MN Afterburner II        = skill Navigation needs 1 has 0
high_1/Small Focused Beam Laser II = skill Small Energy Turret needs 5 has 0
high_1/Small Focused Beam Laser II = skill Gunnery needs 2 has 0
high_1/Small Focused Beam Laser II = skill Small Beam Laser Specialization needs 1 has 0
high_1/Small Focused Beam Laser II = skill Sharpshooter needs 3 has 0
